Archive member included to satisfy reference by file (symbol)

/usr/bin/gcc-arm-none-eabi-5_4-2016q3/bin/../lib/gcc/arm-none-eabi/5.4.1/../../../../arm-none-eabi/lib/armv7-m/libc_nano.a(lib_a-exit.o)
                              /usr/bin/gcc-arm-none-eabi-5_4-2016q3/bin/../lib/gcc/arm-none-eabi/5.4.1/../../../../arm-none-eabi/lib/armv7-m/crt0.o (exit)
/usr/bin/gcc-arm-none-eabi-5_4-2016q3/bin/../lib/gcc/arm-none-eabi/5.4.1/../../../../arm-none-eabi/lib/armv7-m/libc_nano.a(lib_a-impure.o)
                              /usr/bin/gcc-arm-none-eabi-5_4-2016q3/bin/../lib/gcc/arm-none-eabi/5.4.1/../../../../arm-none-eabi/lib/armv7-m/libc_nano.a(lib_a-exit.o) (_global_impure_ptr)
/usr/bin/gcc-arm-none-eabi-5_4-2016q3/bin/../lib/gcc/arm-none-eabi/5.4.1/../../../../arm-none-eabi/lib/armv7-m/libc_nano.a(lib_a-init.o)
                              /usr/bin/gcc-arm-none-eabi-5_4-2016q3/bin/../lib/gcc/arm-none-eabi/5.4.1/../../../../arm-none-eabi/lib/armv7-m/crt0.o (__libc_init_array)
/usr/bin/gcc-arm-none-eabi-5_4-2016q3/bin/../lib/gcc/arm-none-eabi/5.4.1/../../../../arm-none-eabi/lib/armv7-m/libc_nano.a(lib_a-memset.o)
                              /usr/bin/gcc-arm-none-eabi-5_4-2016q3/bin/../lib/gcc/arm-none-eabi/5.4.1/../../../../arm-none-eabi/lib/armv7-m/crt0.o (memset)
/usr/bin/gcc-arm-none-eabi-5_4-2016q3/bin/../lib/gcc/arm-none-eabi/5.4.1/../../../../arm-none-eabi/lib/armv7-m/libnosys.a(_exit.o)
                              /usr/bin/gcc-arm-none-eabi-5_4-2016q3/bin/../lib/gcc/arm-none-eabi/5.4.1/../../../../arm-none-eabi/lib/armv7-m/libc_nano.a(lib_a-exit.o) (_exit)

Allocating common symbols
Common symbol       size              file

USART_RX_BUF        0xc8              ./SYSTEM/usart/usart.o
__stdout            0x68              ./SYSTEM/usart/usart.o

Discarded input sections

 .text          0x00000000        0x0 /usr/bin/gcc-arm-none-eabi-5_4-2016q3/bin/../lib/gcc/arm-none-eabi/5.4.1/armv7-m/crti.o
 .data          0x00000000        0x0 /usr/bin/gcc-arm-none-eabi-5_4-2016q3/bin/../lib/gcc/arm-none-eabi/5.4.1/armv7-m/crti.o
 .bss           0x00000000        0x0 /usr/bin/gcc-arm-none-eabi-5_4-2016q3/bin/../lib/gcc/arm-none-eabi/5.4.1/armv7-m/crti.o
 .data          0x00000000        0x4 /usr/bin/gcc-arm-none-eabi-5_4-2016q3/bin/../lib/gcc/arm-none-eabi/5.4.1/armv7-m/crtbegin.o
 .text          0x00000000       0x74 /usr/bin/gcc-arm-none-eabi-5_4-2016q3/bin/../lib/gcc/arm-none-eabi/5.4.1/../../../../arm-none-eabi/lib/armv7-m/crt0.o
 .data          0x00000000        0x0 /usr/bin/gcc-arm-none-eabi-5_4-2016q3/bin/../lib/gcc/arm-none-eabi/5.4.1/../../../../arm-none-eabi/lib/armv7-m/crt0.o
 .bss           0x00000000        0x0 /usr/bin/gcc-arm-none-eabi-5_4-2016q3/bin/../lib/gcc/arm-none-eabi/5.4.1/../../../../arm-none-eabi/lib/armv7-m/crt0.o
 .ARM.extab     0x00000000        0x0 /usr/bin/gcc-arm-none-eabi-5_4-2016q3/bin/../lib/gcc/arm-none-eabi/5.4.1/../../../../arm-none-eabi/lib/armv7-m/crt0.o
 .ARM.exidx     0x00000000        0x8 /usr/bin/gcc-arm-none-eabi-5_4-2016q3/bin/../lib/gcc/arm-none-eabi/5.4.1/../../../../arm-none-eabi/lib/armv7-m/crt0.o
 .ARM.attributes
                0x00000000       0x1b /usr/bin/gcc-arm-none-eabi-5_4-2016q3/bin/../lib/gcc/arm-none-eabi/5.4.1/../../../../arm-none-eabi/lib/armv7-m/crt0.o
 .text          0x00000000      0x948 ./STM32F10x_FWLib/src/stm32f10x_fsmc.o
 .data          0x00000000        0x0 ./STM32F10x_FWLib/src/stm32f10x_fsmc.o
 .bss           0x00000000        0x0 ./STM32F10x_FWLib/src/stm32f10x_fsmc.o
 .debug_info    0x00000000      0x8ea ./STM32F10x_FWLib/src/stm32f10x_fsmc.o
 .debug_abbrev  0x00000000      0x174 ./STM32F10x_FWLib/src/stm32f10x_fsmc.o
 .debug_aranges
                0x00000000       0x20 ./STM32F10x_FWLib/src/stm32f10x_fsmc.o
 .debug_line    0x00000000      0x384 ./STM32F10x_FWLib/src/stm32f10x_fsmc.o
 .debug_str     0x00000000      0x77a ./STM32F10x_FWLib/src/stm32f10x_fsmc.o
 .comment       0x00000000       0x6f ./STM32F10x_FWLib/src/stm32f10x_fsmc.o
 .debug_frame   0x00000000      0x300 ./STM32F10x_FWLib/src/stm32f10x_fsmc.o
 .ARM.attributes
                0x00000000       0x33 ./STM32F10x_FWLib/src/stm32f10x_fsmc.o
 .text          0x00000000      0x7d0 ./STM32F10x_FWLib/src/stm32f10x_rcc.o
 .data          0x00000000       0x14 ./STM32F10x_FWLib/src/stm32f10x_rcc.o
 .bss           0x00000000        0x0 ./STM32F10x_FWLib/src/stm32f10x_rcc.o
 .debug_info    0x00000000      0x891 ./STM32F10x_FWLib/src/stm32f10x_rcc.o
 .debug_abbrev  0x00000000      0x1be ./STM32F10x_FWLib/src/stm32f10x_rcc.o
 .debug_aranges
                0x00000000       0x20 ./STM32F10x_FWLib/src/stm32f10x_rcc.o
 .debug_line    0x00000000      0x31c ./STM32F10x_FWLib/src/stm32f10x_rcc.o
 .debug_str     0x00000000      0x61a ./STM32F10x_FWLib/src/stm32f10x_rcc.o
 .comment       0x00000000       0x6f ./STM32F10x_FWLib/src/stm32f10x_rcc.o
 .debug_frame   0x00000000      0x4f4 ./STM32F10x_FWLib/src/stm32f10x_rcc.o
 .ARM.attributes
                0x00000000       0x33 ./STM32F10x_FWLib/src/stm32f10x_rcc.o
 .text          0x00000000      0x118 ./STM32F10x_FWLib/src/stm32f10x_wwdg.o
 .data          0x00000000        0x0 ./STM32F10x_FWLib/src/stm32f10x_wwdg.o
 .bss           0x00000000        0x0 ./STM32F10x_FWLib/src/stm32f10x_wwdg.o
 .debug_info    0x00000000      0x224 ./STM32F10x_FWLib/src/stm32f10x_wwdg.o
 .debug_abbrev  0x00000000      0x11b ./STM32F10x_FWLib/src/stm32f10x_wwdg.o
 .debug_aranges
                0x00000000       0x20 ./STM32F10x_FWLib/src/stm32f10x_wwdg.o
 .debug_line    0x00000000      0x1a7 ./STM32F10x_FWLib/src/stm32f10x_wwdg.o
 .debug_str     0x00000000      0x25d ./STM32F10x_FWLib/src/stm32f10x_wwdg.o
 .comment       0x00000000       0x6f ./STM32F10x_FWLib/src/stm32f10x_wwdg.o
 .debug_frame   0x00000000      0x12c ./STM32F10x_FWLib/src/stm32f10x_wwdg.o
 .ARM.attributes
                0x00000000       0x33 ./STM32F10x_FWLib/src/stm32f10x_wwdg.o
 .text          0x00000000     0x1e04 ./STM32F10x_FWLib/src/stm32f10x_tim.o
 .data          0x00000000        0x0 ./STM32F10x_FWLib/src/stm32f10x_tim.o
 .bss           0x00000000        0x0 ./STM32F10x_FWLib/src/stm32f10x_tim.o
 .debug_info    0x00000000     0x1c4e ./STM32F10x_FWLib/src/stm32f10x_tim.o
 .debug_abbrev  0x00000000      0x1b4 ./STM32F10x_FWLib/src/stm32f10x_tim.o
 .debug_aranges
                0x00000000       0x20 ./STM32F10x_FWLib/src/stm32f10x_tim.o
 .debug_line    0x00000000      0x698 ./STM32F10x_FWLib/src/stm32f10x_tim.o
 .debug_str     0x00000000      0xddd ./STM32F10x_FWLib/src/stm32f10x_tim.o
 .comment       0x00000000       0x6f ./STM32F10x_FWLib/src/stm32f10x_tim.o
 .debug_frame   0x00000000      0xe2c ./STM32F10x_FWLib/src/stm32f10x_tim.o
 .ARM.attributes
                0x00000000       0x33 ./STM32F10x_FWLib/src/stm32f10x_tim.o
 .text          0x00000000      0x6e8 ./STM32F10x_FWLib/src/stm32f10x_spi.o
 .data          0x00000000        0x0 ./STM32F10x_FWLib/src/stm32f10x_spi.o
 .bss           0x00000000        0x0 ./STM32F10x_FWLib/src/stm32f10x_spi.o
 .debug_info    0x00000000      0x8e9 ./STM32F10x_FWLib/src/stm32f10x_spi.o
 .debug_abbrev  0x00000000      0x182 ./STM32F10x_FWLib/src/stm32f10x_spi.o
 .debug_aranges
                0x00000000       0x20 ./STM32F10x_FWLib/src/stm32f10x_spi.o
 .debug_line    0x00000000      0x2ea ./STM32F10x_FWLib/src/stm32f10x_spi.o
 .debug_str     0x00000000      0x5fd ./STM32F10x_FWLib/src/stm32f10x_spi.o
 .comment       0x00000000       0x6f ./STM32F10x_FWLib/src/stm32f10x_spi.o
 .debug_frame   0x00000000      0x3a0 ./STM32F10x_FWLib/src/stm32f10x_spi.o
 .ARM.attributes
                0x00000000       0x33 ./STM32F10x_FWLib/src/stm32f10x_spi.o
 .text          0x00000000      0xf98 ./STM32F10x_FWLib/src/stm32f10x_can.o
 .data          0x00000000        0x0 ./STM32F10x_FWLib/src/stm32f10x_can.o
 .bss           0x00000000        0x0 ./STM32F10x_FWLib/src/stm32f10x_can.o
 .debug_info    0x00000000      0xb92 ./STM32F10x_FWLib/src/stm32f10x_can.o
 .debug_abbrev  0x00000000      0x1f7 ./STM32F10x_FWLib/src/stm32f10x_can.o
 .debug_aranges
                0x00000000       0x20 ./STM32F10x_FWLib/src/stm32f10x_can.o
 .debug_line    0x00000000      0x416 ./STM32F10x_FWLib/src/stm32f10x_can.o
 .debug_str     0x00000000      0x72e ./STM32F10x_FWLib/src/stm32f10x_can.o
 .comment       0x00000000       0x6f ./STM32F10x_FWLib/src/stm32f10x_can.o
 .debug_frame   0x00000000      0x3f0 ./STM32F10x_FWLib/src/stm32f10x_can.o
 .ARM.attributes
                0x00000000       0x33 ./STM32F10x_FWLib/src/stm32f10x_can.o
 .text          0x00000000      0x300 ./STM32F10x_FWLib/src/stm32f10x_dac.o
 .data          0x00000000        0x0 ./STM32F10x_FWLib/src/stm32f10x_dac.o
 .bss           0x00000000        0x0 ./STM32F10x_FWLib/src/stm32f10x_dac.o
 .debug_info    0x00000000      0x4a2 ./STM32F10x_FWLib/src/stm32f10x_dac.o
 .debug_abbrev  0x00000000      0x177 ./STM32F10x_FWLib/src/stm32f10x_dac.o
 .debug_aranges
                0x00000000       0x20 ./STM32F10x_FWLib/src/stm32f10x_dac.o
 .debug_line    0x00000000      0x23b ./STM32F10x_FWLib/src/stm32f10x_dac.o
 .debug_str     0x00000000      0x3af ./STM32F10x_FWLib/src/stm32f10x_dac.o
 .comment       0x00000000       0x6f ./STM32F10x_FWLib/src/stm32f10x_dac.o
 .debug_frame   0x00000000      0x1e4 ./STM32F10x_FWLib/src/stm32f10x_dac.o
 .ARM.attributes
                0x00000000       0x33 ./STM32F10x_FWLib/src/stm32f10x_dac.o
 .text          0x00000000      0x508 ./STM32F10x_FWLib/src/stm32f10x_sdio.o
 .data          0x00000000        0x0 ./STM32F10x_FWLib/src/stm32f10x_sdio.o
 .bss           0x00000000        0x0 ./STM32F10x_FWLib/src/stm32f10x_sdio.o
 .debug_info    0x00000000      0x7e1 ./STM32F10x_FWLib/src/stm32f10x_sdio.o
 .debug_abbrev  0x00000000      0x1b3 ./STM32F10x_FWLib/src/stm32f10x_sdio.o
 .debug_aranges
                0x00000000       0x20 ./STM32F10x_FWLib/src/stm32f10x_sdio.o
 .debug_line    0x00000000      0x2a0 ./STM32F10x_FWLib/src/stm32f10x_sdio.o
 .debug_str     0x00000000      0x630 ./STM32F10x_FWLib/src/stm32f10x_sdio.o
 .comment       0x00000000       0x6f ./STM32F10x_FWLib/src/stm32f10x_sdio.o
 .debug_frame   0x00000000      0x490 ./STM32F10x_FWLib/src/stm32f10x_sdio.o
 .ARM.attributes
                0x00000000       0x33 ./STM32F10x_FWLib/src/stm32f10x_sdio.o
 .text          0x00000000      0x1c0 ./STM32F10x_FWLib/src/stm32f10x_bkp.o
 .data          0x00000000        0x0 ./STM32F10x_FWLib/src/stm32f10x_bkp.o
 .bss           0x00000000        0x0 ./STM32F10x_FWLib/src/stm32f10x_bkp.o
 .debug_info    0x00000000      0x793 ./STM32F10x_FWLib/src/stm32f10x_bkp.o
 .debug_abbrev  0x00000000      0x167 ./STM32F10x_FWLib/src/stm32f10x_bkp.o
 .debug_aranges
                0x00000000       0x20 ./STM32F10x_FWLib/src/stm32f10x_bkp.o
 .debug_line    0x00000000      0x1c0 ./STM32F10x_FWLib/src/stm32f10x_bkp.o
 .debug_str     0x00000000      0x5b5 ./STM32F10x_FWLib/src/stm32f10x_bkp.o
 .comment       0x00000000       0x6f ./STM32F10x_FWLib/src/stm32f10x_bkp.o
 .debug_frame   0x00000000      0x1c4 ./STM32F10x_FWLib/src/stm32f10x_bkp.o
 .ARM.attributes
                0x00000000       0x33 ./STM32F10x_FWLib/src/stm32f10x_bkp.o
 .text          0x00000000      0x904 ./STM32F10x_FWLib/src/stm32f10x_usart.o
 .data          0x00000000        0x0 ./STM32F10x_FWLib/src/stm32f10x_usart.o
 .bss           0x00000000        0x0 ./STM32F10x_FWLib/src/stm32f10x_usart.o
 .debug_info    0x00000000      0x9de ./STM32F10x_FWLib/src/stm32f10x_usart.o
 .debug_abbrev  0x00000000      0x166 ./STM32F10x_FWLib/src/stm32f10x_usart.o
 .debug_aranges
                0x00000000       0x20 ./STM32F10x_FWLib/src/stm32f10x_usart.o
 .debug_line    0x00000000      0x329 ./STM32F10x_FWLib/src/stm32f10x_usart.o
 .debug_str     0x00000000      0x690 ./STM32F10x_FWLib/src/stm32f10x_usart.o
 .comment       0x00000000       0x6f ./STM32F10x_FWLib/src/stm32f10x_usart.o
 .debug_frame   0x00000000      0x490 ./STM32F10x_FWLib/src/stm32f10x_usart.o
 .ARM.attributes
                0x00000000       0x33 ./STM32F10x_FWLib/src/stm32f10x_usart.o
 .text          0x00000000      0x954 ./STM32F10x_FWLib/src/stm32f10x_flash.o
 .data          0x00000000        0x0 ./STM32F10x_FWLib/src/stm32f10x_flash.o
 .bss           0x00000000        0x0 ./STM32F10x_FWLib/src/stm32f10x_flash.o
 .debug_info    0x00000000      0x7ab ./STM32F10x_FWLib/src/stm32f10x_flash.o
 .debug_abbrev  0x00000000      0x191 ./STM32F10x_FWLib/src/stm32f10x_flash.o
 .debug_aranges
                0x00000000       0x20 ./STM32F10x_FWLib/src/stm32f10x_flash.o
 .debug_line    0x00000000      0x351 ./STM32F10x_FWLib/src/stm32f10x_flash.o
 .debug_str     0x00000000      0x5e8 ./STM32F10x_FWLib/src/stm32f10x_flash.o
 .comment       0x00000000       0x6f ./STM32F10x_FWLib/src/stm32f10x_flash.o
 .debug_frame   0x00000000      0x410 ./STM32F10x_FWLib/src/stm32f10x_flash.o
 .ARM.attributes
                0x00000000       0x33 ./STM32F10x_FWLib/src/stm32f10x_flash.o
 .text          0x00000000       0xc4 ./STM32F10x_FWLib/src/stm32f10x_iwdg.o
 .data          0x00000000        0x0 ./STM32F10x_FWLib/src/stm32f10x_iwdg.o
 .bss           0x00000000        0x0 ./STM32F10x_FWLib/src/stm32f10x_iwdg.o
 .debug_info    0x00000000      0x1fc ./STM32F10x_FWLib/src/stm32f10x_iwdg.o
 .debug_abbrev  0x00000000      0x105 ./STM32F10x_FWLib/src/stm32f10x_iwdg.o
 .debug_aranges
                0x00000000       0x20 ./STM32F10x_FWLib/src/stm32f10x_iwdg.o
 .debug_line    0x00000000      0x19e ./STM32F10x_FWLib/src/stm32f10x_iwdg.o
 .debug_str     0x00000000      0x25c ./STM32F10x_FWLib/src/stm32f10x_iwdg.o
 .comment       0x00000000       0x6f ./STM32F10x_FWLib/src/stm32f10x_iwdg.o
 .debug_frame   0x00000000       0xf0 ./STM32F10x_FWLib/src/stm32f10x_iwdg.o
 .ARM.attributes
                0x00000000       0x33 ./STM32F10x_FWLib/src/stm32f10x_iwdg.o
 .text          0x00000000       0x6c ./STM32F10x_FWLib/src/stm32f10x_dbgmcu.o
 .data          0x00000000        0x0 ./STM32F10x_FWLib/src/stm32f10x_dbgmcu.o
 .bss           0x00000000        0x0 ./STM32F10x_FWLib/src/stm32f10x_dbgmcu.o
 .debug_info    0x00000000      0x150 ./STM32F10x_FWLib/src/stm32f10x_dbgmcu.o
 .debug_abbrev  0x00000000       0xe2 ./STM32F10x_FWLib/src/stm32f10x_dbgmcu.o
 .debug_aranges
                0x00000000       0x20 ./STM32F10x_FWLib/src/stm32f10x_dbgmcu.o
 .debug_line    0x00000000      0x190 ./STM32F10x_FWLib/src/stm32f10x_dbgmcu.o
 .debug_str     0x00000000      0x1f2 ./STM32F10x_FWLib/src/stm32f10x_dbgmcu.o
 .comment       0x00000000       0x6f ./STM32F10x_FWLib/src/stm32f10x_dbgmcu.o
 .debug_frame   0x00000000       0x78 ./STM32F10x_FWLib/src/stm32f10x_dbgmcu.o
 .ARM.attributes
                0x00000000       0x33 ./STM32F10x_FWLib/src/stm32f10x_dbgmcu.o
 .text          0x00000000      0x28c ./STM32F10x_FWLib/src/stm32f10x_cec.o
 .data          0x00000000        0x0 ./STM32F10x_FWLib/src/stm32f10x_cec.o
 .bss           0x00000000        0x0 ./STM32F10x_FWLib/src/stm32f10x_cec.o
 .debug_info    0x00000000      0x412 ./STM32F10x_FWLib/src/stm32f10x_cec.o
 .debug_abbrev  0x00000000      0x1b2 ./STM32F10x_FWLib/src/stm32f10x_cec.o
 .debug_aranges
                0x00000000       0x20 ./STM32F10x_FWLib/src/stm32f10x_cec.o
 .debug_line    0x00000000      0x23d ./STM32F10x_FWLib/src/stm32f10x_cec.o
 .debug_str     0x00000000      0x376 ./STM32F10x_FWLib/src/stm32f10x_cec.o
 .comment       0x00000000       0x6f ./STM32F10x_FWLib/src/stm32f10x_cec.o
 .debug_frame   0x00000000      0x224 ./STM32F10x_FWLib/src/stm32f10x_cec.o
 .ARM.attributes
                0x00000000       0x33 ./STM32F10x_FWLib/src/stm32f10x_cec.o
 .text          0x00000000      0xa30 ./STM32F10x_FWLib/src/stm32f10x_adc.o
 .data          0x00000000        0x0 ./STM32F10x_FWLib/src/stm32f10x_adc.o
 .bss           0x00000000        0x0 ./STM32F10x_FWLib/src/stm32f10x_adc.o
 .debug_info    0x00000000      0xb6a ./STM32F10x_FWLib/src/stm32f10x_adc.o
 .debug_abbrev  0x00000000      0x19c ./STM32F10x_FWLib/src/stm32f10x_adc.o
 .debug_aranges
                0x00000000       0x20 ./STM32F10x_FWLib/src/stm32f10x_adc.o
 .debug_line    0x00000000      0x344 ./STM32F10x_FWLib/src/stm32f10x_adc.o
 .debug_str     0x00000000      0x6fb ./STM32F10x_FWLib/src/stm32f10x_adc.o
 .comment       0x00000000       0x6f ./STM32F10x_FWLib/src/stm32f10x_adc.o
 .debug_frame   0x00000000      0x5a4 ./STM32F10x_FWLib/src/stm32f10x_adc.o
 .ARM.attributes
                0x00000000       0x33 ./STM32F10x_FWLib/src/stm32f10x_adc.o
 .text          0x00000000      0x21c ./STM32F10x_FWLib/src/stm32f10x_exti.o
 .data          0x00000000        0x0 ./STM32F10x_FWLib/src/stm32f10x_exti.o
 .bss           0x00000000        0x0 ./STM32F10x_FWLib/src/stm32f10x_exti.o
 .debug_info    0x00000000      0x33f ./STM32F10x_FWLib/src/stm32f10x_exti.o
 .debug_abbrev  0x00000000      0x157 ./STM32F10x_FWLib/src/stm32f10x_exti.o
 .debug_aranges
                0x00000000       0x20 ./STM32F10x_FWLib/src/stm32f10x_exti.o
 .debug_line    0x00000000      0x22e ./STM32F10x_FWLib/src/stm32f10x_exti.o
 .debug_str     0x00000000      0x349 ./STM32F10x_FWLib/src/stm32f10x_exti.o
 .comment       0x00000000       0x6f ./STM32F10x_FWLib/src/stm32f10x_exti.o
 .debug_frame   0x00000000      0x148 ./STM32F10x_FWLib/src/stm32f10x_exti.o
 .ARM.attributes
                0x00000000       0x33 ./STM32F10x_FWLib/src/stm32f10x_exti.o
 .text          0x00000000      0x2b4 ./STM32F10x_FWLib/src/stm32f10x_rtc.o
 .data          0x00000000        0x0 ./STM32F10x_FWLib/src/stm32f10x_rtc.o
 .bss           0x00000000        0x0 ./STM32F10x_FWLib/src/stm32f10x_rtc.o
 .debug_info    0x00000000      0x42a ./STM32F10x_FWLib/src/stm32f10x_rtc.o
 .debug_abbrev  0x00000000      0x191 ./STM32F10x_FWLib/src/stm32f10x_rtc.o
 .debug_aranges
                0x00000000       0x20 ./STM32F10x_FWLib/src/stm32f10x_rtc.o
 .debug_line    0x00000000      0x1e5 ./STM32F10x_FWLib/src/stm32f10x_rtc.o
 .debug_str     0x00000000      0x3a2 ./STM32F10x_FWLib/src/stm32f10x_rtc.o
 .comment       0x00000000       0x6f ./STM32F10x_FWLib/src/stm32f10x_rtc.o
 .debug_frame   0x00000000      0x214 ./STM32F10x_FWLib/src/stm32f10x_rtc.o
 .ARM.attributes
                0x00000000       0x33 ./STM32F10x_FWLib/src/stm32f10x_rtc.o
 .text          0x00000000      0x1c8 ./STM32F10x_FWLib/src/stm32f10x_pwr.o
 .data          0x00000000        0x0 ./STM32F10x_FWLib/src/stm32f10x_pwr.o
 .bss           0x00000000        0x0 ./STM32F10x_FWLib/src/stm32f10x_pwr.o
 .debug_info    0x00000000      0x42e ./STM32F10x_FWLib/src/stm32f10x_pwr.o
 .debug_abbrev  0x00000000      0x1af ./STM32F10x_FWLib/src/stm32f10x_pwr.o
 .debug_aranges
                0x00000000       0x20 ./STM32F10x_FWLib/src/stm32f10x_pwr.o
 .debug_line    0x00000000      0x1c6 ./STM32F10x_FWLib/src/stm32f10x_pwr.o
 .debug_str     0x00000000      0x312 ./STM32F10x_FWLib/src/stm32f10x_pwr.o
 .comment       0x00000000       0x6f ./STM32F10x_FWLib/src/stm32f10x_pwr.o
 .debug_frame   0x00000000      0x19c ./STM32F10x_FWLib/src/stm32f10x_pwr.o
 .ARM.attributes
                0x00000000       0x33 ./STM32F10x_FWLib/src/stm32f10x_pwr.o
 .text          0x00000000      0x18c ./STM32F10x_FWLib/src/misc.o
 .data          0x00000000        0x0 ./STM32F10x_FWLib/src/misc.o
 .bss           0x00000000        0x0 ./STM32F10x_FWLib/src/misc.o
 .debug_info    0x00000000      0x4f6 ./STM32F10x_FWLib/src/misc.o
 .debug_abbrev  0x00000000      0x158 ./STM32F10x_FWLib/src/misc.o
 .debug_aranges
                0x00000000       0x20 ./STM32F10x_FWLib/src/misc.o
 .debug_line    0x00000000      0x1f2 ./STM32F10x_FWLib/src/misc.o
 .debug_str     0x00000000      0x3b8 ./STM32F10x_FWLib/src/misc.o
 .comment       0x00000000       0x6f ./STM32F10x_FWLib/src/misc.o
 .debug_frame   0x00000000       0xd8 ./STM32F10x_FWLib/src/misc.o
 .ARM.attributes
                0x00000000       0x33 ./STM32F10x_FWLib/src/misc.o
 .text          0x00000000       0xc8 ./STM32F10x_FWLib/src/stm32f10x_crc.o
 .data          0x00000000        0x0 ./STM32F10x_FWLib/src/stm32f10x_crc.o
 .bss           0x00000000        0x0 ./STM32F10x_FWLib/src/stm32f10x_crc.o
 .debug_info    0x00000000      0x1f6 ./STM32F10x_FWLib/src/stm32f10x_crc.o
 .debug_abbrev  0x00000000      0x116 ./STM32F10x_FWLib/src/stm32f10x_crc.o
 .debug_aranges
                0x00000000       0x20 ./STM32F10x_FWLib/src/stm32f10x_crc.o
 .debug_line    0x00000000      0x1a7 ./STM32F10x_FWLib/src/stm32f10x_crc.o
 .debug_str     0x00000000      0x23b ./STM32F10x_FWLib/src/stm32f10x_crc.o
 .comment       0x00000000       0x6f ./STM32F10x_FWLib/src/stm32f10x_crc.o
 .debug_frame   0x00000000       0xe8 ./STM32F10x_FWLib/src/stm32f10x_crc.o
 .ARM.attributes
                0x00000000       0x33 ./STM32F10x_FWLib/src/stm32f10x_crc.o
 .text          0x00000000      0x954 ./STM32F10x_FWLib/src/stm32f10x_i2c.o
 .data          0x00000000        0x0 ./STM32F10x_FWLib/src/stm32f10x_i2c.o
 .bss           0x00000000        0x0 ./STM32F10x_FWLib/src/stm32f10x_i2c.o
 .debug_info    0x00000000      0xafa ./STM32F10x_FWLib/src/stm32f10x_i2c.o
 .debug_abbrev  0x00000000      0x168 ./STM32F10x_FWLib/src/stm32f10x_i2c.o
 .debug_aranges
                0x00000000       0x20 ./STM32F10x_FWLib/src/stm32f10x_i2c.o
 .debug_line    0x00000000      0x323 ./STM32F10x_FWLib/src/stm32f10x_i2c.o
 .debug_str     0x00000000      0x666 ./STM32F10x_FWLib/src/stm32f10x_i2c.o
 .comment       0x00000000       0x6f ./STM32F10x_FWLib/src/stm32f10x_i2c.o
 .debug_frame   0x00000000      0x530 ./STM32F10x_FWLib/src/stm32f10x_i2c.o
 .ARM.attributes
                0x00000000       0x33 ./STM32F10x_FWLib/src/stm32f10x_i2c.o
 .text          0x00000000      0x3f8 ./STM32F10x_FWLib/src/stm32f10x_dma.o
 .data          0x00000000        0x0 ./STM32F10x_FWLib/src/stm32f10x_dma.o
 .bss           0x00000000        0x0 ./STM32F10x_FWLib/src/stm32f10x_dma.o
 .debug_info    0x00000000      0x469 ./STM32F10x_FWLib/src/stm32f10x_dma.o
 .debug_abbrev  0x00000000      0x159 ./STM32F10x_FWLib/src/stm32f10x_dma.o
 .debug_aranges
                0x00000000       0x20 ./STM32F10x_FWLib/src/stm32f10x_dma.o
 .debug_line    0x00000000      0x29b ./STM32F10x_FWLib/src/stm32f10x_dma.o
 .debug_str     0x00000000      0x3b7 ./STM32F10x_FWLib/src/stm32f10x_dma.o
 .comment       0x00000000       0x6f ./STM32F10x_FWLib/src/stm32f10x_dma.o
 .debug_frame   0x00000000      0x1c8 ./STM32F10x_FWLib/src/stm32f10x_dma.o
 .ARM.attributes
                0x00000000       0x33 ./STM32F10x_FWLib/src/stm32f10x_dma.o
 .text          0x00000000      0x5e8 ./STM32F10x_FWLib/src/stm32f10x_gpio.o
 .data          0x00000000        0x0 ./STM32F10x_FWLib/src/stm32f10x_gpio.o
 .bss           0x00000000        0x0 ./STM32F10x_FWLib/src/stm32f10x_gpio.o
 .debug_info    0x00000000      0x6e4 ./STM32F10x_FWLib/src/stm32f10x_gpio.o
 .debug_abbrev  0x00000000      0x1ce ./STM32F10x_FWLib/src/stm32f10x_gpio.o
 .debug_aranges
                0x00000000       0x20 ./STM32F10x_FWLib/src/stm32f10x_gpio.o
 .debug_line    0x00000000      0x2d3 ./STM32F10x_FWLib/src/stm32f10x_gpio.o
 .debug_str     0x00000000      0x519 ./STM32F10x_FWLib/src/stm32f10x_gpio.o
 .comment       0x00000000       0x6f ./STM32F10x_FWLib/src/stm32f10x_gpio.o
 .debug_frame   0x00000000      0x2d0 ./STM32F10x_FWLib/src/stm32f10x_gpio.o
 .ARM.attributes
                0x00000000       0x33 ./STM32F10x_FWLib/src/stm32f10x_gpio.o
 .text          0x00000000      0x25c ./CORE/core_cm3.o
 .data          0x00000000        0x0 ./CORE/core_cm3.o
 .bss           0x00000000        0x0 ./CORE/core_cm3.o
 .debug_info    0x00000000      0x52b ./CORE/core_cm3.o
 .debug_abbrev  0x00000000       0xae ./CORE/core_cm3.o
 .debug_aranges
                0x00000000       0x20 ./CORE/core_cm3.o
 .debug_line    0x00000000      0x16e ./CORE/core_cm3.o
 .debug_str     0x00000000      0x2ce ./CORE/core_cm3.o
 .comment       0x00000000       0x6f ./CORE/core_cm3.o
 .debug_frame   0x00000000      0x320 ./CORE/core_cm3.o
 .ARM.attributes
                0x00000000       0x33 ./CORE/core_cm3.o
 .text          0x00000000       0x58 ./HARDWARE/LED/led.o
 .data          0x00000000        0x0 ./HARDWARE/LED/led.o
 .bss           0x00000000        0x0 ./HARDWARE/LED/led.o
 .debug_info    0x00000000      0x20e ./HARDWARE/LED/led.o
 .debug_abbrev  0x00000000       0xf3 ./HARDWARE/LED/led.o
 .debug_aranges
                0x00000000       0x20 ./HARDWARE/LED/led.o
 .debug_line    0x00000000      0x1ce ./HARDWARE/LED/led.o
 .debug_str     0x00000000      0x2c0 ./HARDWARE/LED/led.o
 .comment       0x00000000       0x6f ./HARDWARE/LED/led.o
 .debug_frame   0x00000000       0x34 ./HARDWARE/LED/led.o
 .ARM.attributes
                0x00000000       0x33 ./HARDWARE/LED/led.o
 .text          0x00000000       0x5c ./USER/stm32f10x_it.o
 .data          0x00000000        0x0 ./USER/stm32f10x_it.o
 .bss           0x00000000        0x0 ./USER/stm32f10x_it.o
 .debug_info    0x00000000      0x11d ./USER/stm32f10x_it.o
 .debug_abbrev  0x00000000       0x5a ./USER/stm32f10x_it.o
 .debug_aranges
                0x00000000       0x20 ./USER/stm32f10x_it.o
 .debug_line    0x00000000       0xa7 ./USER/stm32f10x_it.o
 .debug_str     0x00000000      0x1e1 ./USER/stm32f10x_it.o
 .comment       0x00000000       0x6f ./USER/stm32f10x_it.o
 .debug_frame   0x00000000      0x110 ./USER/stm32f10x_it.o
 .ARM.attributes
                0x00000000       0x33 ./USER/stm32f10x_it.o
 .text          0x00000000       0x38 ./USER/main.o
 .data          0x00000000        0x0 ./USER/main.o
 .bss           0x00000000        0x0 ./USER/main.o
 .debug_info    0x00000000      0x149 ./USER/main.o
 .debug_abbrev  0x00000000       0xa1 ./USER/main.o
 .debug_aranges
                0x00000000       0x20 ./USER/main.o
 .debug_line    0x00000000      0x180 ./USER/main.o
 .debug_str     0x00000000      0x19e ./USER/main.o
 .comment       0x00000000       0x6f ./USER/main.o
 .debug_frame   0x00000000       0x2c ./USER/main.o
 .ARM.attributes
                0x00000000       0x33 ./USER/main.o
 .text          0x00000000      0x24c ./USER/system_stm32f10x.o
 .data          0x00000000       0x14 ./USER/system_stm32f10x.o
 .bss           0x00000000        0x0 ./USER/system_stm32f10x.o
 .debug_info    0x00000000      0x44b ./USER/system_stm32f10x.o
 .debug_abbrev  0x00000000      0x17b ./USER/system_stm32f10x.o
 .debug_aranges
                0x00000000       0x20 ./USER/system_stm32f10x.o
 .debug_line    0x00000000      0x1b5 ./USER/system_stm32f10x.o
 .debug_str     0x00000000      0x2d1 ./USER/system_stm32f10x.o
 .comment       0x00000000       0x6f ./USER/system_stm32f10x.o
 .debug_frame   0x00000000       0x98 ./USER/system_stm32f10x.o
 .ARM.attributes
                0x00000000       0x33 ./USER/system_stm32f10x.o
 .text          0x00000000      0x198 ./SYSTEM/usart/usart.o
 .data          0x00000000        0x0 ./SYSTEM/usart/usart.o
 .bss           0x00000000        0x2 ./SYSTEM/usart/usart.o
 .debug_info    0x00000000      0xe1b ./SYSTEM/usart/usart.o
 .debug_abbrev  0x00000000      0x26e ./SYSTEM/usart/usart.o
 .debug_aranges
                0x00000000       0x20 ./SYSTEM/usart/usart.o
 .debug_line    0x00000000      0x304 ./SYSTEM/usart/usart.o
 .debug_str     0x00000000      0xb3a ./SYSTEM/usart/usart.o
 .comment       0x00000000       0x6f ./SYSTEM/usart/usart.o
 .debug_frame   0x00000000       0xa8 ./SYSTEM/usart/usart.o
 .ARM.attributes
                0x00000000       0x33 ./SYSTEM/usart/usart.o
 COMMON         0x00000000      0x130 ./SYSTEM/usart/usart.o
 .text          0x00000000       0x48 ./SYSTEM/sys/sys.o
 .data          0x00000000        0x0 ./SYSTEM/sys/sys.o
 .bss           0x00000000        0x0 ./SYSTEM/sys/sys.o
 .debug_info    0x00000000       0xfd ./SYSTEM/sys/sys.o
 .debug_abbrev  0x00000000       0x9d ./SYSTEM/sys/sys.o
 .debug_aranges
                0x00000000       0x20 ./SYSTEM/sys/sys.o
 .debug_line    0x00000000      0x17a ./SYSTEM/sys/sys.o
 .debug_str     0x00000000      0x190 ./SYSTEM/sys/sys.o
 .comment       0x00000000       0x6f ./SYSTEM/sys/sys.o
 .debug_frame   0x00000000       0x98 ./SYSTEM/sys/sys.o
 .ARM.attributes
                0x00000000       0x33 ./SYSTEM/sys/sys.o
 .text          0x00000000      0x11c ./SYSTEM/delay/delay.o
 .data          0x00000000        0x0 ./SYSTEM/delay/delay.o
 .bss           0x00000000        0x4 ./SYSTEM/delay/delay.o
 .debug_info    0x00000000      0x1df ./SYSTEM/delay/delay.o
 .debug_abbrev  0x00000000       0xfc ./SYSTEM/delay/delay.o
 .debug_aranges
                0x00000000       0x20 ./SYSTEM/delay/delay.o
 .debug_line    0x00000000      0x1bf ./SYSTEM/delay/delay.o
 .debug_str     0x00000000      0x1e9 ./SYSTEM/delay/delay.o
 .comment       0x00000000       0x6f ./SYSTEM/delay/delay.o
 .debug_frame   0x00000000       0x7c ./SYSTEM/delay/delay.o
 .ARM.attributes
                0x00000000       0x33 ./SYSTEM/delay/delay.o
 .text          0x00000000        0x0 /usr/bin/gcc-arm-none-eabi-5_4-2016q3/bin/../lib/gcc/arm-none-eabi/5.4.1/../../../../arm-none-eabi/lib/armv7-m/libc_nano.a(lib_a-exit.o)
 .data          0x00000000        0x0 /usr/bin/gcc-arm-none-eabi-5_4-2016q3/bin/../lib/gcc/arm-none-eabi/5.4.1/../../../../arm-none-eabi/lib/armv7-m/libc_nano.a(lib_a-exit.o)
 .bss           0x00000000        0x0 /usr/bin/gcc-arm-none-eabi-5_4-2016q3/bin/../lib/gcc/arm-none-eabi/5.4.1/../../../../arm-none-eabi/lib/armv7-m/libc_nano.a(lib_a-exit.o)
 .text.exit     0x00000000       0x28 /usr/bin/gcc-arm-none-eabi-5_4-2016q3/bin/../lib/gcc/arm-none-eabi/5.4.1/../../../../arm-none-eabi/lib/armv7-m/libc_nano.a(lib_a-exit.o)
 .debug_frame   0x00000000       0x28 /usr/bin/gcc-arm-none-eabi-5_4-2016q3/bin/../lib/gcc/arm-none-eabi/5.4.1/../../../../arm-none-eabi/lib/armv7-m/libc_nano.a(lib_a-exit.o)
 .ARM.attributes
                0x00000000       0x2d /usr/bin/gcc-arm-none-eabi-5_4-2016q3/bin/../lib/gcc/arm-none-eabi/5.4.1/../../../../arm-none-eabi/lib/armv7-m/libc_nano.a(lib_a-exit.o)
 .text          0x00000000        0x0 /usr/bin/gcc-arm-none-eabi-5_4-2016q3/bin/../lib/gcc/arm-none-eabi/5.4.1/../../../../arm-none-eabi/lib/armv7-m/libc_nano.a(lib_a-impure.o)
 .data          0x00000000        0x0 /usr/bin/gcc-arm-none-eabi-5_4-2016q3/bin/../lib/gcc/arm-none-eabi/5.4.1/../../../../arm-none-eabi/lib/armv7-m/libc_nano.a(lib_a-impure.o)
 .bss           0x00000000        0x0 /usr/bin/gcc-arm-none-eabi-5_4-2016q3/bin/../lib/gcc/arm-none-eabi/5.4.1/../../../../arm-none-eabi/lib/armv7-m/libc_nano.a(lib_a-impure.o)
 .data.impure_data
                0x00000000       0x60 /usr/bin/gcc-arm-none-eabi-5_4-2016q3/bin/../lib/gcc/arm-none-eabi/5.4.1/../../../../arm-none-eabi/lib/armv7-m/libc_nano.a(lib_a-impure.o)
 .data._impure_ptr
                0x00000000        0x4 /usr/bin/gcc-arm-none-eabi-5_4-2016q3/bin/../lib/gcc/arm-none-eabi/5.4.1/../../../../arm-none-eabi/lib/armv7-m/libc_nano.a(lib_a-impure.o)
 .rodata._global_impure_ptr
                0x00000000        0x4 /usr/bin/gcc-arm-none-eabi-5_4-2016q3/bin/../lib/gcc/arm-none-eabi/5.4.1/../../../../arm-none-eabi/lib/armv7-m/libc_nano.a(lib_a-impure.o)
 .ARM.attributes
                0x00000000       0x2d /usr/bin/gcc-arm-none-eabi-5_4-2016q3/bin/../lib/gcc/arm-none-eabi/5.4.1/../../../../arm-none-eabi/lib/armv7-m/libc_nano.a(lib_a-impure.o)
 .text          0x00000000        0x0 /usr/bin/gcc-arm-none-eabi-5_4-2016q3/bin/../lib/gcc/arm-none-eabi/5.4.1/../../../../arm-none-eabi/lib/armv7-m/libc_nano.a(lib_a-init.o)
 .data          0x00000000        0x0 /usr/bin/gcc-arm-none-eabi-5_4-2016q3/bin/../lib/gcc/arm-none-eabi/5.4.1/../../../../arm-none-eabi/lib/armv7-m/libc_nano.a(lib_a-init.o)
 .bss           0x00000000        0x0 /usr/bin/gcc-arm-none-eabi-5_4-2016q3/bin/../lib/gcc/arm-none-eabi/5.4.1/../../../../arm-none-eabi/lib/armv7-m/libc_nano.a(lib_a-init.o)
 .text.__libc_init_array
                0x00000000       0x4c /usr/bin/gcc-arm-none-eabi-5_4-2016q3/bin/../lib/gcc/arm-none-eabi/5.4.1/../../../../arm-none-eabi/lib/armv7-m/libc_nano.a(lib_a-init.o)
 .debug_frame   0x00000000       0x2c /usr/bin/gcc-arm-none-eabi-5_4-2016q3/bin/../lib/gcc/arm-none-eabi/5.4.1/../../../../arm-none-eabi/lib/armv7-m/libc_nano.a(lib_a-init.o)
 .ARM.attributes
                0x00000000       0x2d /usr/bin/gcc-arm-none-eabi-5_4-2016q3/bin/../lib/gcc/arm-none-eabi/5.4.1/../../../../arm-none-eabi/lib/armv7-m/libc_nano.a(lib_a-init.o)
 .text          0x00000000        0x0 /usr/bin/gcc-arm-none-eabi-5_4-2016q3/bin/../lib/gcc/arm-none-eabi/5.4.1/../../../../arm-none-eabi/lib/armv7-m/libc_nano.a(lib_a-memset.o)
 .data          0x00000000        0x0 /usr/bin/gcc-arm-none-eabi-5_4-2016q3/bin/../lib/gcc/arm-none-eabi/5.4.1/../../../../arm-none-eabi/lib/armv7-m/libc_nano.a(lib_a-memset.o)
 .bss           0x00000000        0x0 /usr/bin/gcc-arm-none-eabi-5_4-2016q3/bin/../lib/gcc/arm-none-eabi/5.4.1/../../../../arm-none-eabi/lib/armv7-m/libc_nano.a(lib_a-memset.o)
 .text.memset   0x00000000       0x10 /usr/bin/gcc-arm-none-eabi-5_4-2016q3/bin/../lib/gcc/arm-none-eabi/5.4.1/../../../../arm-none-eabi/lib/armv7-m/libc_nano.a(lib_a-memset.o)
 .debug_frame   0x00000000       0x20 /usr/bin/gcc-arm-none-eabi-5_4-2016q3/bin/../lib/gcc/arm-none-eabi/5.4.1/../../../../arm-none-eabi/lib/armv7-m/libc_nano.a(lib_a-memset.o)
 .ARM.attributes
                0x00000000       0x2d /usr/bin/gcc-arm-none-eabi-5_4-2016q3/bin/../lib/gcc/arm-none-eabi/5.4.1/../../../../arm-none-eabi/lib/armv7-m/libc_nano.a(lib_a-memset.o)
 .text          0x00000000        0x0 /usr/bin/gcc-arm-none-eabi-5_4-2016q3/bin/../lib/gcc/arm-none-eabi/5.4.1/../../../../arm-none-eabi/lib/armv7-m/libnosys.a(_exit.o)
 .data          0x00000000        0x0 /usr/bin/gcc-arm-none-eabi-5_4-2016q3/bin/../lib/gcc/arm-none-eabi/5.4.1/../../../../arm-none-eabi/lib/armv7-m/libnosys.a(_exit.o)
 .bss           0x00000000        0x0 /usr/bin/gcc-arm-none-eabi-5_4-2016q3/bin/../lib/gcc/arm-none-eabi/5.4.1/../../../../arm-none-eabi/lib/armv7-m/libnosys.a(_exit.o)
 .text._exit    0x00000000        0x4 /usr/bin/gcc-arm-none-eabi-5_4-2016q3/bin/../lib/gcc/arm-none-eabi/5.4.1/../../../../arm-none-eabi/lib/armv7-m/libnosys.a(_exit.o)
 .debug_frame   0x00000000       0x20 /usr/bin/gcc-arm-none-eabi-5_4-2016q3/bin/../lib/gcc/arm-none-eabi/5.4.1/../../../../arm-none-eabi/lib/armv7-m/libnosys.a(_exit.o)
 .ARM.attributes
                0x00000000       0x2d /usr/bin/gcc-arm-none-eabi-5_4-2016q3/bin/../lib/gcc/arm-none-eabi/5.4.1/../../../../arm-none-eabi/lib/armv7-m/libnosys.a(_exit.o)
 .text          0x00000000        0x0 /usr/bin/gcc-arm-none-eabi-5_4-2016q3/bin/../lib/gcc/arm-none-eabi/5.4.1/armv7-m/crtend.o
 .data          0x00000000        0x0 /usr/bin/gcc-arm-none-eabi-5_4-2016q3/bin/../lib/gcc/arm-none-eabi/5.4.1/armv7-m/crtend.o
 .bss           0x00000000        0x0 /usr/bin/gcc-arm-none-eabi-5_4-2016q3/bin/../lib/gcc/arm-none-eabi/5.4.1/armv7-m/crtend.o
 .eh_frame      0x00000000        0x4 /usr/bin/gcc-arm-none-eabi-5_4-2016q3/bin/../lib/gcc/arm-none-eabi/5.4.1/armv7-m/crtend.o
 .jcr           0x00000000        0x4 /usr/bin/gcc-arm-none-eabi-5_4-2016q3/bin/../lib/gcc/arm-none-eabi/5.4.1/armv7-m/crtend.o
 .ARM.attributes
                0x00000000       0x2d /usr/bin/gcc-arm-none-eabi-5_4-2016q3/bin/../lib/gcc/arm-none-eabi/5.4.1/armv7-m/crtend.o
 .text          0x00000000        0x0 /usr/bin/gcc-arm-none-eabi-5_4-2016q3/bin/../lib/gcc/arm-none-eabi/5.4.1/armv7-m/crtn.o
 .data          0x00000000        0x0 /usr/bin/gcc-arm-none-eabi-5_4-2016q3/bin/../lib/gcc/arm-none-eabi/5.4.1/armv7-m/crtn.o
 .bss           0x00000000        0x0 /usr/bin/gcc-arm-none-eabi-5_4-2016q3/bin/../lib/gcc/arm-none-eabi/5.4.1/armv7-m/crtn.o

Memory Configuration

Name             Origin             Length             Attributes
FLASH            0x08000000         0x00020000         xr
RAM              0x20000000         0x00005000         xrw
MEMORY_B1        0x60000000         0x00000000         xr
*default*        0x00000000         0xffffffff

Linker script and memory map

LOAD /usr/bin/gcc-arm-none-eabi-5_4-2016q3/bin/../lib/gcc/arm-none-eabi/5.4.1/armv7-m/crti.o
LOAD /usr/bin/gcc-arm-none-eabi-5_4-2016q3/bin/../lib/gcc/arm-none-eabi/5.4.1/armv7-m/crtbegin.o
LOAD /usr/bin/gcc-arm-none-eabi-5_4-2016q3/bin/../lib/gcc/arm-none-eabi/5.4.1/../../../../arm-none-eabi/lib/armv7-m/crt0.o
LOAD ./STM32F10x_FWLib/src/stm32f10x_fsmc.o
LOAD ./STM32F10x_FWLib/src/stm32f10x_rcc.o
LOAD ./STM32F10x_FWLib/src/stm32f10x_wwdg.o
LOAD ./STM32F10x_FWLib/src/stm32f10x_tim.o
LOAD ./STM32F10x_FWLib/src/stm32f10x_spi.o
LOAD ./STM32F10x_FWLib/src/stm32f10x_can.o
LOAD ./STM32F10x_FWLib/src/stm32f10x_dac.o
LOAD ./STM32F10x_FWLib/src/stm32f10x_sdio.o
LOAD ./STM32F10x_FWLib/src/stm32f10x_bkp.o
LOAD ./STM32F10x_FWLib/src/stm32f10x_usart.o
LOAD ./STM32F10x_FWLib/src/stm32f10x_flash.o
LOAD ./STM32F10x_FWLib/src/stm32f10x_iwdg.o
LOAD ./STM32F10x_FWLib/src/stm32f10x_dbgmcu.o
LOAD ./STM32F10x_FWLib/src/stm32f10x_cec.o
LOAD ./STM32F10x_FWLib/src/stm32f10x_adc.o
LOAD ./STM32F10x_FWLib/src/stm32f10x_exti.o
LOAD ./STM32F10x_FWLib/src/stm32f10x_rtc.o
LOAD ./STM32F10x_FWLib/src/stm32f10x_pwr.o
LOAD ./STM32F10x_FWLib/src/misc.o
LOAD ./STM32F10x_FWLib/src/stm32f10x_crc.o
LOAD ./STM32F10x_FWLib/src/stm32f10x_i2c.o
LOAD ./STM32F10x_FWLib/src/stm32f10x_dma.o
LOAD ./STM32F10x_FWLib/src/stm32f10x_gpio.o
LOAD ./CORE/core_cm3.o
LOAD ./HARDWARE/LED/led.o
LOAD ./USER/stm32f10x_it.o
LOAD ./USER/main.o
LOAD ./USER/system_stm32f10x.o
LOAD ./SYSTEM/usart/usart.o
LOAD ./SYSTEM/sys/sys.o
LOAD ./SYSTEM/delay/delay.o
START GROUP
LOAD /usr/bin/gcc-arm-none-eabi-5_4-2016q3/bin/../lib/gcc/arm-none-eabi/5.4.1/../../../../arm-none-eabi/lib/armv7-m/libc_nano.a
LOAD /usr/bin/gcc-arm-none-eabi-5_4-2016q3/bin/../lib/gcc/arm-none-eabi/5.4.1/../../../../arm-none-eabi/lib/armv7-m/libm.a
END GROUP
                0x00000080                malloc_getpagesize_P = 0x80
START GROUP
LOAD /usr/bin/gcc-arm-none-eabi-5_4-2016q3/bin/../lib/gcc/arm-none-eabi/5.4.1/armv7-m/libgcc.a
LOAD /usr/bin/gcc-arm-none-eabi-5_4-2016q3/bin/../lib/gcc/arm-none-eabi/5.4.1/../../../../arm-none-eabi/lib/armv7-m/libc_nano.a
END GROUP
START GROUP
LOAD /usr/bin/gcc-arm-none-eabi-5_4-2016q3/bin/../lib/gcc/arm-none-eabi/5.4.1/armv7-m/libgcc.a
LOAD /usr/bin/gcc-arm-none-eabi-5_4-2016q3/bin/../lib/gcc/arm-none-eabi/5.4.1/../../../../arm-none-eabi/lib/armv7-m/libc_nano.a
LOAD /usr/bin/gcc-arm-none-eabi-5_4-2016q3/bin/../lib/gcc/arm-none-eabi/5.4.1/../../../../arm-none-eabi/lib/armv7-m/libnosys.a
END GROUP
START GROUP
LOAD /usr/bin/gcc-arm-none-eabi-5_4-2016q3/bin/../lib/gcc/arm-none-eabi/5.4.1/armv7-m/libgcc.a
LOAD /usr/bin/gcc-arm-none-eabi-5_4-2016q3/bin/../lib/gcc/arm-none-eabi/5.4.1/../../../../arm-none-eabi/lib/armv7-m/libc_nano.a
LOAD /usr/bin/gcc-arm-none-eabi-5_4-2016q3/bin/../lib/gcc/arm-none-eabi/5.4.1/../../../../arm-none-eabi/lib/armv7-m/libnosys.a
END GROUP
LOAD /usr/bin/gcc-arm-none-eabi-5_4-2016q3/bin/../lib/gcc/arm-none-eabi/5.4.1/armv7-m/crtend.o
LOAD /usr/bin/gcc-arm-none-eabi-5_4-2016q3/bin/../lib/gcc/arm-none-eabi/5.4.1/armv7-m/crtn.o
                0x20010000                _estack = 0x20010000
                0x00000000                _Min_Heap_Size = 0x0
                0x00000200                _Min_Stack_Size = 0x200

.isr_vector     0x08000000        0x0
                0x08000000                . = ALIGN (0x4)
 *(.isr_vector)
                0x08000000                . = ALIGN (0x4)

.text           0x08000000       0x74
                0x08000000                . = ALIGN (0x4)
 *(.text)
 .text          0x08000000       0x5c /usr/bin/gcc-arm-none-eabi-5_4-2016q3/bin/../lib/gcc/arm-none-eabi/5.4.1/armv7-m/crtbegin.o
 *(.text*)
 *(.glue_7)
 .glue_7        0x0800005c        0x0 linker stubs
 *(.glue_7t)
 .glue_7t       0x0800005c        0x0 linker stubs
 *(.eh_frame)
 .eh_frame      0x0800005c        0x0 /usr/bin/gcc-arm-none-eabi-5_4-2016q3/bin/../lib/gcc/arm-none-eabi/5.4.1/armv7-m/crtbegin.o
 *(.init)
 .init          0x0800005c        0x4 /usr/bin/gcc-arm-none-eabi-5_4-2016q3/bin/../lib/gcc/arm-none-eabi/5.4.1/armv7-m/crti.o
                0x0800005c                _init
 .init          0x08000060        0x8 /usr/bin/gcc-arm-none-eabi-5_4-2016q3/bin/../lib/gcc/arm-none-eabi/5.4.1/armv7-m/crtn.o
 *(.fini)
 .fini          0x08000068        0x4 /usr/bin/gcc-arm-none-eabi-5_4-2016q3/bin/../lib/gcc/arm-none-eabi/5.4.1/armv7-m/crti.o
                0x08000068                _fini
 .fini          0x0800006c        0x8 /usr/bin/gcc-arm-none-eabi-5_4-2016q3/bin/../lib/gcc/arm-none-eabi/5.4.1/armv7-m/crtn.o
                0x08000074                . = ALIGN (0x4)
                0x08000074                _etext = .

.vfp11_veneer   0x08000074        0x0
 .vfp11_veneer  0x08000074        0x0 linker stubs

.v4_bx          0x08000074        0x0
 .v4_bx         0x08000074        0x0 linker stubs

.iplt           0x08000074        0x0
 .iplt          0x08000074        0x0 /usr/bin/gcc-arm-none-eabi-5_4-2016q3/bin/../lib/gcc/arm-none-eabi/5.4.1/armv7-m/crtbegin.o

.rel.dyn        0x08000074        0x0
 .rel.iplt      0x08000074        0x0 /usr/bin/gcc-arm-none-eabi-5_4-2016q3/bin/../lib/gcc/arm-none-eabi/5.4.1/armv7-m/crtbegin.o

.rodata         0x08000074        0x0
                0x08000074                . = ALIGN (0x4)
 *(.rodata)
 *(.rodata*)
                0x08000074                . = ALIGN (0x4)

.ARM.extab
 *(.ARM.extab* .gnu.linkonce.armextab.*)

.ARM            0x08000074        0x0
                0x08000074                __exidx_start = .
 *(.ARM.exidx*)
                0x08000074                __exidx_end = .

.preinit_array  0x08000074        0x0
                0x08000074                PROVIDE (__preinit_array_start, .)
 *(.preinit_array*)
                0x08000074                PROVIDE (__preinit_array_end, .)

.init_array     0x08000074        0x4
                0x08000074                PROVIDE (__init_array_start, .)
 *(SORT(.init_array.*))
 *(.init_array*)
 .init_array    0x08000074        0x4 /usr/bin/gcc-arm-none-eabi-5_4-2016q3/bin/../lib/gcc/arm-none-eabi/5.4.1/armv7-m/crtbegin.o
                0x08000078                PROVIDE (__init_array_end, .)

.fini_array     0x08000078        0x4
                [!provide]                PROVIDE (__fini_array_start, .)
 *(SORT(.fini_array.*))
 *(.fini_array*)
 .fini_array    0x08000078        0x4 /usr/bin/gcc-arm-none-eabi-5_4-2016q3/bin/../lib/gcc/arm-none-eabi/5.4.1/armv7-m/crtbegin.o
                [!provide]                PROVIDE (__fini_array_end, .)
                0x0800007c                _sidata = LOADADDR (.data)

.data           0x20000000        0x0 load address 0x0800007c
                0x20000000                . = ALIGN (0x4)
                0x20000000                _sdata = .
 *(.data)
 *(.data*)
                0x20000000                . = ALIGN (0x4)
                0x20000000                _edata = .

.jcr            0x20000000        0x0 load address 0x0800007c
 .jcr           0x20000000        0x0 /usr/bin/gcc-arm-none-eabi-5_4-2016q3/bin/../lib/gcc/arm-none-eabi/5.4.1/armv7-m/crtbegin.o

.igot.plt       0x20000000        0x0 load address 0x0800007c
 .igot.plt      0x20000000        0x0 /usr/bin/gcc-arm-none-eabi-5_4-2016q3/bin/../lib/gcc/arm-none-eabi/5.4.1/armv7-m/crtbegin.o
                0x20000000                . = ALIGN (0x4)

.bss            0x20000000       0x1c load address 0x0800007c
                0x20000000                _sbss = .
                0x20000000                __bss_start__ = _sbss
 *(.bss)
 .bss           0x20000000       0x1c /usr/bin/gcc-arm-none-eabi-5_4-2016q3/bin/../lib/gcc/arm-none-eabi/5.4.1/armv7-m/crtbegin.o
 *(.bss*)
 *(COMMON)
                0x2000001c                . = ALIGN (0x4)
                0x2000001c                _ebss = .
                0x2000001c                __bss_end__ = _ebss

._user_heap_stack
                0x2000001c      0x200 load address 0x0800007c
                0x2000001c                . = ALIGN (0x4)
                [!provide]                PROVIDE (end, .)
                [!provide]                PROVIDE (_end, .)
                0x2000001c                . = (. + _Min_Heap_Size)
                0x2000021c                . = (. + _Min_Stack_Size)
 *fill*         0x2000001c      0x200 
                0x2000021c                . = ALIGN (0x4)

.memory_b1_text
 *(.mb1text)
 *(.mb1text*)
 *(.mb1rodata)
 *(.mb1rodata*)

/DISCARD/
 libc.a(*)
 libm.a(*)
 libgcc.a(*)

.ARM.attributes
                0x00000000       0x29
 *(.ARM.attributes)
 .ARM.attributes
                0x00000000       0x1d /usr/bin/gcc-arm-none-eabi-5_4-2016q3/bin/../lib/gcc/arm-none-eabi/5.4.1/armv7-m/crti.o
 .ARM.attributes
                0x0000001d       0x2d /usr/bin/gcc-arm-none-eabi-5_4-2016q3/bin/../lib/gcc/arm-none-eabi/5.4.1/armv7-m/crtbegin.o
 .ARM.attributes
                0x0000004a       0x1d /usr/bin/gcc-arm-none-eabi-5_4-2016q3/bin/../lib/gcc/arm-none-eabi/5.4.1/armv7-m/crtn.o
OUTPUT(LED_project.elf elf32-littlearm)

Cross Reference Table

Symbol                                            File
ADC_AnalogWatchdogCmd                             ./STM32F10x_FWLib/src/stm32f10x_adc.o
ADC_AnalogWatchdogSingleChannelConfig             ./STM32F10x_FWLib/src/stm32f10x_adc.o
ADC_AnalogWatchdogThresholdsConfig                ./STM32F10x_FWLib/src/stm32f10x_adc.o
ADC_AutoInjectedConvCmd                           ./STM32F10x_FWLib/src/stm32f10x_adc.o
ADC_ClearFlag                                     ./STM32F10x_FWLib/src/stm32f10x_adc.o
ADC_ClearITPendingBit                             ./STM32F10x_FWLib/src/stm32f10x_adc.o
ADC_Cmd                                           ./STM32F10x_FWLib/src/stm32f10x_adc.o
ADC_DMACmd                                        ./STM32F10x_FWLib/src/stm32f10x_adc.o
ADC_DeInit                                        ./STM32F10x_FWLib/src/stm32f10x_adc.o
ADC_DiscModeChannelCountConfig                    ./STM32F10x_FWLib/src/stm32f10x_adc.o
ADC_DiscModeCmd                                   ./STM32F10x_FWLib/src/stm32f10x_adc.o
ADC_ExternalTrigConvCmd                           ./STM32F10x_FWLib/src/stm32f10x_adc.o
ADC_ExternalTrigInjectedConvCmd                   ./STM32F10x_FWLib/src/stm32f10x_adc.o
ADC_ExternalTrigInjectedConvConfig                ./STM32F10x_FWLib/src/stm32f10x_adc.o
ADC_GetCalibrationStatus                          ./STM32F10x_FWLib/src/stm32f10x_adc.o
ADC_GetConversionValue                            ./STM32F10x_FWLib/src/stm32f10x_adc.o
ADC_GetDualModeConversionValue                    ./STM32F10x_FWLib/src/stm32f10x_adc.o
ADC_GetFlagStatus                                 ./STM32F10x_FWLib/src/stm32f10x_adc.o
ADC_GetITStatus                                   ./STM32F10x_FWLib/src/stm32f10x_adc.o
ADC_GetInjectedConversionValue                    ./STM32F10x_FWLib/src/stm32f10x_adc.o
ADC_GetResetCalibrationStatus                     ./STM32F10x_FWLib/src/stm32f10x_adc.o
ADC_GetSoftwareStartConvStatus                    ./STM32F10x_FWLib/src/stm32f10x_adc.o
ADC_GetSoftwareStartInjectedConvCmdStatus         ./STM32F10x_FWLib/src/stm32f10x_adc.o
ADC_ITConfig                                      ./STM32F10x_FWLib/src/stm32f10x_adc.o
ADC_Init                                          ./STM32F10x_FWLib/src/stm32f10x_adc.o
ADC_InjectedChannelConfig                         ./STM32F10x_FWLib/src/stm32f10x_adc.o
ADC_InjectedDiscModeCmd                           ./STM32F10x_FWLib/src/stm32f10x_adc.o
ADC_InjectedSequencerLengthConfig                 ./STM32F10x_FWLib/src/stm32f10x_adc.o
ADC_RegularChannelConfig                          ./STM32F10x_FWLib/src/stm32f10x_adc.o
ADC_ResetCalibration                              ./STM32F10x_FWLib/src/stm32f10x_adc.o
ADC_SetInjectedOffset                             ./STM32F10x_FWLib/src/stm32f10x_adc.o
ADC_SoftwareStartConvCmd                          ./STM32F10x_FWLib/src/stm32f10x_adc.o
ADC_SoftwareStartInjectedConvCmd                  ./STM32F10x_FWLib/src/stm32f10x_adc.o
ADC_StartCalibration                              ./STM32F10x_FWLib/src/stm32f10x_adc.o
ADC_StructInit                                    ./STM32F10x_FWLib/src/stm32f10x_adc.o
ADC_TempSensorVrefintCmd                          ./STM32F10x_FWLib/src/stm32f10x_adc.o
AHBPrescTable                                     ./USER/system_stm32f10x.o
BKP_ClearFlag                                     ./STM32F10x_FWLib/src/stm32f10x_bkp.o
BKP_ClearITPendingBit                             ./STM32F10x_FWLib/src/stm32f10x_bkp.o
BKP_DeInit                                        ./STM32F10x_FWLib/src/stm32f10x_bkp.o
BKP_GetFlagStatus                                 ./STM32F10x_FWLib/src/stm32f10x_bkp.o
BKP_GetITStatus                                   ./STM32F10x_FWLib/src/stm32f10x_bkp.o
BKP_ITConfig                                      ./STM32F10x_FWLib/src/stm32f10x_bkp.o
BKP_RTCOutputConfig                               ./STM32F10x_FWLib/src/stm32f10x_bkp.o
BKP_ReadBackupRegister                            ./STM32F10x_FWLib/src/stm32f10x_bkp.o
BKP_SetRTCCalibrationValue                        ./STM32F10x_FWLib/src/stm32f10x_bkp.o
BKP_TamperPinCmd                                  ./STM32F10x_FWLib/src/stm32f10x_bkp.o
BKP_TamperPinLevelConfig                          ./STM32F10x_FWLib/src/stm32f10x_bkp.o
BKP_WriteBackupRegister                           ./STM32F10x_FWLib/src/stm32f10x_bkp.o
BusFault_Handler                                  ./USER/stm32f10x_it.o
CAN_CancelTransmit                                ./STM32F10x_FWLib/src/stm32f10x_can.o
CAN_ClearFlag                                     ./STM32F10x_FWLib/src/stm32f10x_can.o
CAN_ClearITPendingBit                             ./STM32F10x_FWLib/src/stm32f10x_can.o
CAN_DBGFreeze                                     ./STM32F10x_FWLib/src/stm32f10x_can.o
CAN_DeInit                                        ./STM32F10x_FWLib/src/stm32f10x_can.o
CAN_FIFORelease                                   ./STM32F10x_FWLib/src/stm32f10x_can.o
CAN_FilterInit                                    ./STM32F10x_FWLib/src/stm32f10x_can.o
CAN_GetFlagStatus                                 ./STM32F10x_FWLib/src/stm32f10x_can.o
CAN_GetITStatus                                   ./STM32F10x_FWLib/src/stm32f10x_can.o
CAN_GetLSBTransmitErrorCounter                    ./STM32F10x_FWLib/src/stm32f10x_can.o
CAN_GetLastErrorCode                              ./STM32F10x_FWLib/src/stm32f10x_can.o
CAN_GetReceiveErrorCounter                        ./STM32F10x_FWLib/src/stm32f10x_can.o
CAN_ITConfig                                      ./STM32F10x_FWLib/src/stm32f10x_can.o
CAN_Init                                          ./STM32F10x_FWLib/src/stm32f10x_can.o
CAN_MessagePending                                ./STM32F10x_FWLib/src/stm32f10x_can.o
CAN_OperatingModeRequest                          ./STM32F10x_FWLib/src/stm32f10x_can.o
CAN_Receive                                       ./STM32F10x_FWLib/src/stm32f10x_can.o
CAN_SlaveStartBank                                ./STM32F10x_FWLib/src/stm32f10x_can.o
CAN_Sleep                                         ./STM32F10x_FWLib/src/stm32f10x_can.o
CAN_StructInit                                    ./STM32F10x_FWLib/src/stm32f10x_can.o
CAN_TTComModeCmd                                  ./STM32F10x_FWLib/src/stm32f10x_can.o
CAN_Transmit                                      ./STM32F10x_FWLib/src/stm32f10x_can.o
CAN_TransmitStatus                                ./STM32F10x_FWLib/src/stm32f10x_can.o
CAN_WakeUp                                        ./STM32F10x_FWLib/src/stm32f10x_can.o
CEC_ClearFlag                                     ./STM32F10x_FWLib/src/stm32f10x_cec.o
CEC_ClearITPendingBit                             ./STM32F10x_FWLib/src/stm32f10x_cec.o
CEC_Cmd                                           ./STM32F10x_FWLib/src/stm32f10x_cec.o
CEC_DeInit                                        ./STM32F10x_FWLib/src/stm32f10x_cec.o
CEC_EndOfMessageCmd                               ./STM32F10x_FWLib/src/stm32f10x_cec.o
CEC_GetFlagStatus                                 ./STM32F10x_FWLib/src/stm32f10x_cec.o
CEC_GetITStatus                                   ./STM32F10x_FWLib/src/stm32f10x_cec.o
CEC_ITConfig                                      ./STM32F10x_FWLib/src/stm32f10x_cec.o
CEC_Init                                          ./STM32F10x_FWLib/src/stm32f10x_cec.o
CEC_OwnAddressConfig                              ./STM32F10x_FWLib/src/stm32f10x_cec.o
CEC_ReceiveDataByte                               ./STM32F10x_FWLib/src/stm32f10x_cec.o
CEC_SendDataByte                                  ./STM32F10x_FWLib/src/stm32f10x_cec.o
CEC_SetPrescaler                                  ./STM32F10x_FWLib/src/stm32f10x_cec.o
CEC_StartOfMessage                                ./STM32F10x_FWLib/src/stm32f10x_cec.o
CRC_CalcBlockCRC                                  ./STM32F10x_FWLib/src/stm32f10x_crc.o
CRC_CalcCRC                                       ./STM32F10x_FWLib/src/stm32f10x_crc.o
CRC_GetCRC                                        ./STM32F10x_FWLib/src/stm32f10x_crc.o
CRC_GetIDRegister                                 ./STM32F10x_FWLib/src/stm32f10x_crc.o
CRC_ResetDR                                       ./STM32F10x_FWLib/src/stm32f10x_crc.o
CRC_SetIDRegister                                 ./STM32F10x_FWLib/src/stm32f10x_crc.o
DAC_Cmd                                           ./STM32F10x_FWLib/src/stm32f10x_dac.o
DAC_DMACmd                                        ./STM32F10x_FWLib/src/stm32f10x_dac.o
DAC_DeInit                                        ./STM32F10x_FWLib/src/stm32f10x_dac.o
DAC_DualSoftwareTriggerCmd                        ./STM32F10x_FWLib/src/stm32f10x_dac.o
DAC_GetDataOutputValue                            ./STM32F10x_FWLib/src/stm32f10x_dac.o
DAC_Init                                          ./STM32F10x_FWLib/src/stm32f10x_dac.o
DAC_SetChannel1Data                               ./STM32F10x_FWLib/src/stm32f10x_dac.o
DAC_SetChannel2Data                               ./STM32F10x_FWLib/src/stm32f10x_dac.o
DAC_SetDualChannelData                            ./STM32F10x_FWLib/src/stm32f10x_dac.o
DAC_SoftwareTriggerCmd                            ./STM32F10x_FWLib/src/stm32f10x_dac.o
DAC_StructInit                                    ./STM32F10x_FWLib/src/stm32f10x_dac.o
DAC_WaveGenerationCmd                             ./STM32F10x_FWLib/src/stm32f10x_dac.o
DBGMCU_Config                                     ./STM32F10x_FWLib/src/stm32f10x_dbgmcu.o
DBGMCU_GetDEVID                                   ./STM32F10x_FWLib/src/stm32f10x_dbgmcu.o
DBGMCU_GetREVID                                   ./STM32F10x_FWLib/src/stm32f10x_dbgmcu.o
DMA_ClearFlag                                     ./STM32F10x_FWLib/src/stm32f10x_dma.o
DMA_ClearITPendingBit                             ./STM32F10x_FWLib/src/stm32f10x_dma.o
DMA_Cmd                                           ./STM32F10x_FWLib/src/stm32f10x_dma.o
DMA_DeInit                                        ./STM32F10x_FWLib/src/stm32f10x_dma.o
DMA_GetCurrDataCounter                            ./STM32F10x_FWLib/src/stm32f10x_dma.o
DMA_GetFlagStatus                                 ./STM32F10x_FWLib/src/stm32f10x_dma.o
DMA_GetITStatus                                   ./STM32F10x_FWLib/src/stm32f10x_dma.o
DMA_ITConfig                                      ./STM32F10x_FWLib/src/stm32f10x_dma.o
DMA_Init                                          ./STM32F10x_FWLib/src/stm32f10x_dma.o
DMA_SetCurrDataCounter                            ./STM32F10x_FWLib/src/stm32f10x_dma.o
DMA_StructInit                                    ./STM32F10x_FWLib/src/stm32f10x_dma.o
DebugMon_Handler                                  ./USER/stm32f10x_it.o
EXTI_ClearFlag                                    ./STM32F10x_FWLib/src/stm32f10x_exti.o
EXTI_ClearITPendingBit                            ./STM32F10x_FWLib/src/stm32f10x_exti.o
EXTI_DeInit                                       ./STM32F10x_FWLib/src/stm32f10x_exti.o
EXTI_GenerateSWInterrupt                          ./STM32F10x_FWLib/src/stm32f10x_exti.o
EXTI_GetFlagStatus                                ./STM32F10x_FWLib/src/stm32f10x_exti.o
EXTI_GetITStatus                                  ./STM32F10x_FWLib/src/stm32f10x_exti.o
EXTI_Init                                         ./STM32F10x_FWLib/src/stm32f10x_exti.o
EXTI_StructInit                                   ./STM32F10x_FWLib/src/stm32f10x_exti.o
FLASH_ClearFlag                                   ./STM32F10x_FWLib/src/stm32f10x_flash.o
FLASH_EnableWriteProtection                       ./STM32F10x_FWLib/src/stm32f10x_flash.o
FLASH_EraseAllBank1Pages                          ./STM32F10x_FWLib/src/stm32f10x_flash.o
FLASH_EraseAllPages                               ./STM32F10x_FWLib/src/stm32f10x_flash.o
FLASH_EraseOptionBytes                            ./STM32F10x_FWLib/src/stm32f10x_flash.o
FLASH_ErasePage                                   ./STM32F10x_FWLib/src/stm32f10x_flash.o
FLASH_GetBank1Status                              ./STM32F10x_FWLib/src/stm32f10x_flash.o
FLASH_GetFlagStatus                               ./STM32F10x_FWLib/src/stm32f10x_flash.o
FLASH_GetPrefetchBufferStatus                     ./STM32F10x_FWLib/src/stm32f10x_flash.o
FLASH_GetReadOutProtectionStatus                  ./STM32F10x_FWLib/src/stm32f10x_flash.o
FLASH_GetStatus                                   ./STM32F10x_FWLib/src/stm32f10x_flash.o
FLASH_GetUserOptionByte                           ./STM32F10x_FWLib/src/stm32f10x_flash.o
FLASH_GetWriteProtectionOptionByte                ./STM32F10x_FWLib/src/stm32f10x_flash.o
FLASH_HalfCycleAccessCmd                          ./STM32F10x_FWLib/src/stm32f10x_flash.o
FLASH_ITConfig                                    ./STM32F10x_FWLib/src/stm32f10x_flash.o
FLASH_Lock                                        ./STM32F10x_FWLib/src/stm32f10x_flash.o
FLASH_LockBank1                                   ./STM32F10x_FWLib/src/stm32f10x_flash.o
FLASH_PrefetchBufferCmd                           ./STM32F10x_FWLib/src/stm32f10x_flash.o
FLASH_ProgramHalfWord                             ./STM32F10x_FWLib/src/stm32f10x_flash.o
FLASH_ProgramOptionByteData                       ./STM32F10x_FWLib/src/stm32f10x_flash.o
FLASH_ProgramWord                                 ./STM32F10x_FWLib/src/stm32f10x_flash.o
FLASH_ReadOutProtection                           ./STM32F10x_FWLib/src/stm32f10x_flash.o
FLASH_SetLatency                                  ./STM32F10x_FWLib/src/stm32f10x_flash.o
FLASH_Unlock                                      ./STM32F10x_FWLib/src/stm32f10x_flash.o
FLASH_UnlockBank1                                 ./STM32F10x_FWLib/src/stm32f10x_flash.o
FLASH_UserOptionByteConfig                        ./STM32F10x_FWLib/src/stm32f10x_flash.o
FLASH_WaitForLastBank1Operation                   ./STM32F10x_FWLib/src/stm32f10x_flash.o
FLASH_WaitForLastOperation                        ./STM32F10x_FWLib/src/stm32f10x_flash.o
FSMC_ClearFlag                                    ./STM32F10x_FWLib/src/stm32f10x_fsmc.o
FSMC_ClearITPendingBit                            ./STM32F10x_FWLib/src/stm32f10x_fsmc.o
FSMC_GetECC                                       ./STM32F10x_FWLib/src/stm32f10x_fsmc.o
FSMC_GetFlagStatus                                ./STM32F10x_FWLib/src/stm32f10x_fsmc.o
FSMC_GetITStatus                                  ./STM32F10x_FWLib/src/stm32f10x_fsmc.o
FSMC_ITConfig                                     ./STM32F10x_FWLib/src/stm32f10x_fsmc.o
FSMC_NANDCmd                                      ./STM32F10x_FWLib/src/stm32f10x_fsmc.o
FSMC_NANDDeInit                                   ./STM32F10x_FWLib/src/stm32f10x_fsmc.o
FSMC_NANDECCCmd                                   ./STM32F10x_FWLib/src/stm32f10x_fsmc.o
FSMC_NANDInit                                     ./STM32F10x_FWLib/src/stm32f10x_fsmc.o
FSMC_NANDStructInit                               ./STM32F10x_FWLib/src/stm32f10x_fsmc.o
FSMC_NORSRAMCmd                                   ./STM32F10x_FWLib/src/stm32f10x_fsmc.o
FSMC_NORSRAMDeInit                                ./STM32F10x_FWLib/src/stm32f10x_fsmc.o
FSMC_NORSRAMInit                                  ./STM32F10x_FWLib/src/stm32f10x_fsmc.o
FSMC_NORSRAMStructInit                            ./STM32F10x_FWLib/src/stm32f10x_fsmc.o
FSMC_PCCARDCmd                                    ./STM32F10x_FWLib/src/stm32f10x_fsmc.o
FSMC_PCCARDDeInit                                 ./STM32F10x_FWLib/src/stm32f10x_fsmc.o
FSMC_PCCARDInit                                   ./STM32F10x_FWLib/src/stm32f10x_fsmc.o
FSMC_PCCARDStructInit                             ./STM32F10x_FWLib/src/stm32f10x_fsmc.o
GPIO_AFIODeInit                                   ./STM32F10x_FWLib/src/stm32f10x_gpio.o
GPIO_DeInit                                       ./STM32F10x_FWLib/src/stm32f10x_gpio.o
GPIO_ETH_MediaInterfaceConfig                     ./STM32F10x_FWLib/src/stm32f10x_gpio.o
GPIO_EXTILineConfig                               ./STM32F10x_FWLib/src/stm32f10x_gpio.o
GPIO_EventOutputCmd                               ./STM32F10x_FWLib/src/stm32f10x_gpio.o
GPIO_EventOutputConfig                            ./STM32F10x_FWLib/src/stm32f10x_gpio.o
GPIO_Init                                         ./STM32F10x_FWLib/src/stm32f10x_gpio.o
                                                  ./SYSTEM/usart/usart.o
                                                  ./HARDWARE/LED/led.o
GPIO_PinLockConfig                                ./STM32F10x_FWLib/src/stm32f10x_gpio.o
GPIO_PinRemapConfig                               ./STM32F10x_FWLib/src/stm32f10x_gpio.o
GPIO_ReadInputData                                ./STM32F10x_FWLib/src/stm32f10x_gpio.o
GPIO_ReadInputDataBit                             ./STM32F10x_FWLib/src/stm32f10x_gpio.o
GPIO_ReadOutputData                               ./STM32F10x_FWLib/src/stm32f10x_gpio.o
GPIO_ReadOutputDataBit                            ./STM32F10x_FWLib/src/stm32f10x_gpio.o
GPIO_ResetBits                                    ./STM32F10x_FWLib/src/stm32f10x_gpio.o
                                                  ./USER/main.o
GPIO_SetBits                                      ./STM32F10x_FWLib/src/stm32f10x_gpio.o
                                                  ./USER/main.o
                                                  ./HARDWARE/LED/led.o
GPIO_StructInit                                   ./STM32F10x_FWLib/src/stm32f10x_gpio.o
GPIO_Write                                        ./STM32F10x_FWLib/src/stm32f10x_gpio.o
GPIO_WriteBit                                     ./STM32F10x_FWLib/src/stm32f10x_gpio.o
HardFault_Handler                                 ./USER/stm32f10x_it.o
I2C_ARPCmd                                        ./STM32F10x_FWLib/src/stm32f10x_i2c.o
I2C_AcknowledgeConfig                             ./STM32F10x_FWLib/src/stm32f10x_i2c.o
I2C_CalculatePEC                                  ./STM32F10x_FWLib/src/stm32f10x_i2c.o
I2C_CheckEvent                                    ./STM32F10x_FWLib/src/stm32f10x_i2c.o
I2C_ClearFlag                                     ./STM32F10x_FWLib/src/stm32f10x_i2c.o
I2C_ClearITPendingBit                             ./STM32F10x_FWLib/src/stm32f10x_i2c.o
I2C_Cmd                                           ./STM32F10x_FWLib/src/stm32f10x_i2c.o
I2C_DMACmd                                        ./STM32F10x_FWLib/src/stm32f10x_i2c.o
I2C_DMALastTransferCmd                            ./STM32F10x_FWLib/src/stm32f10x_i2c.o
I2C_DeInit                                        ./STM32F10x_FWLib/src/stm32f10x_i2c.o
I2C_DualAddressCmd                                ./STM32F10x_FWLib/src/stm32f10x_i2c.o
I2C_FastModeDutyCycleConfig                       ./STM32F10x_FWLib/src/stm32f10x_i2c.o
I2C_GeneralCallCmd                                ./STM32F10x_FWLib/src/stm32f10x_i2c.o
I2C_GenerateSTART                                 ./STM32F10x_FWLib/src/stm32f10x_i2c.o
I2C_GenerateSTOP                                  ./STM32F10x_FWLib/src/stm32f10x_i2c.o
I2C_GetFlagStatus                                 ./STM32F10x_FWLib/src/stm32f10x_i2c.o
I2C_GetITStatus                                   ./STM32F10x_FWLib/src/stm32f10x_i2c.o
I2C_GetLastEvent                                  ./STM32F10x_FWLib/src/stm32f10x_i2c.o
I2C_GetPEC                                        ./STM32F10x_FWLib/src/stm32f10x_i2c.o
I2C_ITConfig                                      ./STM32F10x_FWLib/src/stm32f10x_i2c.o
I2C_Init                                          ./STM32F10x_FWLib/src/stm32f10x_i2c.o
I2C_NACKPositionConfig                            ./STM32F10x_FWLib/src/stm32f10x_i2c.o
I2C_OwnAddress2Config                             ./STM32F10x_FWLib/src/stm32f10x_i2c.o
I2C_PECPositionConfig                             ./STM32F10x_FWLib/src/stm32f10x_i2c.o
I2C_ReadRegister                                  ./STM32F10x_FWLib/src/stm32f10x_i2c.o
I2C_ReceiveData                                   ./STM32F10x_FWLib/src/stm32f10x_i2c.o
I2C_SMBusAlertConfig                              ./STM32F10x_FWLib/src/stm32f10x_i2c.o
I2C_Send7bitAddress                               ./STM32F10x_FWLib/src/stm32f10x_i2c.o
I2C_SendData                                      ./STM32F10x_FWLib/src/stm32f10x_i2c.o
I2C_SoftwareResetCmd                              ./STM32F10x_FWLib/src/stm32f10x_i2c.o
I2C_StretchClockCmd                               ./STM32F10x_FWLib/src/stm32f10x_i2c.o
I2C_StructInit                                    ./STM32F10x_FWLib/src/stm32f10x_i2c.o
I2C_TransmitPEC                                   ./STM32F10x_FWLib/src/stm32f10x_i2c.o
I2S_Cmd                                           ./STM32F10x_FWLib/src/stm32f10x_spi.o
I2S_Init                                          ./STM32F10x_FWLib/src/stm32f10x_spi.o
I2S_StructInit                                    ./STM32F10x_FWLib/src/stm32f10x_spi.o
INTX_DISABLE                                      ./SYSTEM/sys/sys.o
INTX_ENABLE                                       ./SYSTEM/sys/sys.o
IWDG_Enable                                       ./STM32F10x_FWLib/src/stm32f10x_iwdg.o
IWDG_GetFlagStatus                                ./STM32F10x_FWLib/src/stm32f10x_iwdg.o
IWDG_ReloadCounter                                ./STM32F10x_FWLib/src/stm32f10x_iwdg.o
IWDG_SetPrescaler                                 ./STM32F10x_FWLib/src/stm32f10x_iwdg.o
IWDG_SetReload                                    ./STM32F10x_FWLib/src/stm32f10x_iwdg.o
IWDG_WriteAccessCmd                               ./STM32F10x_FWLib/src/stm32f10x_iwdg.o
LED_Init                                          ./HARDWARE/LED/led.o
                                                  ./USER/main.o
MSR_MSP                                           ./SYSTEM/sys/sys.o
MemManage_Handler                                 ./USER/stm32f10x_it.o
NMI_Handler                                       ./USER/stm32f10x_it.o
NVIC_Init                                         ./STM32F10x_FWLib/src/misc.o
                                                  ./SYSTEM/usart/usart.o
NVIC_PriorityGroupConfig                          ./STM32F10x_FWLib/src/misc.o
NVIC_SetVectorTable                               ./STM32F10x_FWLib/src/misc.o
NVIC_SystemLPConfig                               ./STM32F10x_FWLib/src/misc.o
PWR_BackupAccessCmd                               ./STM32F10x_FWLib/src/stm32f10x_pwr.o
PWR_ClearFlag                                     ./STM32F10x_FWLib/src/stm32f10x_pwr.o
PWR_DeInit                                        ./STM32F10x_FWLib/src/stm32f10x_pwr.o
PWR_EnterSTANDBYMode                              ./STM32F10x_FWLib/src/stm32f10x_pwr.o
PWR_EnterSTOPMode                                 ./STM32F10x_FWLib/src/stm32f10x_pwr.o
PWR_GetFlagStatus                                 ./STM32F10x_FWLib/src/stm32f10x_pwr.o
PWR_PVDCmd                                        ./STM32F10x_FWLib/src/stm32f10x_pwr.o
PWR_PVDLevelConfig                                ./STM32F10x_FWLib/src/stm32f10x_pwr.o
PWR_WakeUpPinCmd                                  ./STM32F10x_FWLib/src/stm32f10x_pwr.o
PendSV_Handler                                    ./USER/stm32f10x_it.o
RCC_ADCCLKConfig                                  ./STM32F10x_FWLib/src/stm32f10x_rcc.o
RCC_AHBPeriphClockCmd                             ./STM32F10x_FWLib/src/stm32f10x_rcc.o
RCC_APB1PeriphClockCmd                            ./STM32F10x_FWLib/src/stm32f10x_rcc.o
RCC_APB1PeriphResetCmd                            ./STM32F10x_FWLib/src/stm32f10x_rcc.o
                                                  ./STM32F10x_FWLib/src/stm32f10x_i2c.o
                                                  ./STM32F10x_FWLib/src/stm32f10x_pwr.o
                                                  ./STM32F10x_FWLib/src/stm32f10x_cec.o
                                                  ./STM32F10x_FWLib/src/stm32f10x_usart.o
                                                  ./STM32F10x_FWLib/src/stm32f10x_dac.o
                                                  ./STM32F10x_FWLib/src/stm32f10x_can.o
                                                  ./STM32F10x_FWLib/src/stm32f10x_spi.o
                                                  ./STM32F10x_FWLib/src/stm32f10x_tim.o
                                                  ./STM32F10x_FWLib/src/stm32f10x_wwdg.o
RCC_APB2PeriphClockCmd                            ./STM32F10x_FWLib/src/stm32f10x_rcc.o
                                                  ./SYSTEM/usart/usart.o
                                                  ./HARDWARE/LED/led.o
RCC_APB2PeriphResetCmd                            ./STM32F10x_FWLib/src/stm32f10x_rcc.o
                                                  ./STM32F10x_FWLib/src/stm32f10x_gpio.o
                                                  ./STM32F10x_FWLib/src/stm32f10x_adc.o
                                                  ./STM32F10x_FWLib/src/stm32f10x_usart.o
                                                  ./STM32F10x_FWLib/src/stm32f10x_spi.o
                                                  ./STM32F10x_FWLib/src/stm32f10x_tim.o
RCC_AdjustHSICalibrationValue                     ./STM32F10x_FWLib/src/stm32f10x_rcc.o
RCC_BackupResetCmd                                ./STM32F10x_FWLib/src/stm32f10x_rcc.o
                                                  ./STM32F10x_FWLib/src/stm32f10x_bkp.o
RCC_ClearFlag                                     ./STM32F10x_FWLib/src/stm32f10x_rcc.o
RCC_ClearITPendingBit                             ./STM32F10x_FWLib/src/stm32f10x_rcc.o
RCC_ClockSecuritySystemCmd                        ./STM32F10x_FWLib/src/stm32f10x_rcc.o
RCC_DeInit                                        ./STM32F10x_FWLib/src/stm32f10x_rcc.o
RCC_GetClocksFreq                                 ./STM32F10x_FWLib/src/stm32f10x_rcc.o
                                                  ./STM32F10x_FWLib/src/stm32f10x_i2c.o
                                                  ./STM32F10x_FWLib/src/stm32f10x_usart.o
                                                  ./STM32F10x_FWLib/src/stm32f10x_spi.o
RCC_GetFlagStatus                                 ./STM32F10x_FWLib/src/stm32f10x_rcc.o
RCC_GetITStatus                                   ./STM32F10x_FWLib/src/stm32f10x_rcc.o
RCC_GetSYSCLKSource                               ./STM32F10x_FWLib/src/stm32f10x_rcc.o
RCC_HCLKConfig                                    ./STM32F10x_FWLib/src/stm32f10x_rcc.o
RCC_HSEConfig                                     ./STM32F10x_FWLib/src/stm32f10x_rcc.o
RCC_HSICmd                                        ./STM32F10x_FWLib/src/stm32f10x_rcc.o
RCC_ITConfig                                      ./STM32F10x_FWLib/src/stm32f10x_rcc.o
RCC_LSEConfig                                     ./STM32F10x_FWLib/src/stm32f10x_rcc.o
RCC_LSICmd                                        ./STM32F10x_FWLib/src/stm32f10x_rcc.o
RCC_MCOConfig                                     ./STM32F10x_FWLib/src/stm32f10x_rcc.o
RCC_PCLK1Config                                   ./STM32F10x_FWLib/src/stm32f10x_rcc.o
RCC_PCLK2Config                                   ./STM32F10x_FWLib/src/stm32f10x_rcc.o
RCC_PLLCmd                                        ./STM32F10x_FWLib/src/stm32f10x_rcc.o
RCC_PLLConfig                                     ./STM32F10x_FWLib/src/stm32f10x_rcc.o
RCC_RTCCLKCmd                                     ./STM32F10x_FWLib/src/stm32f10x_rcc.o
RCC_RTCCLKConfig                                  ./STM32F10x_FWLib/src/stm32f10x_rcc.o
RCC_SYSCLKConfig                                  ./STM32F10x_FWLib/src/stm32f10x_rcc.o
RCC_USBCLKConfig                                  ./STM32F10x_FWLib/src/stm32f10x_rcc.o
RCC_WaitForHSEStartUp                             ./STM32F10x_FWLib/src/stm32f10x_rcc.o
RTC_ClearFlag                                     ./STM32F10x_FWLib/src/stm32f10x_rtc.o
RTC_ClearITPendingBit                             ./STM32F10x_FWLib/src/stm32f10x_rtc.o
RTC_EnterConfigMode                               ./STM32F10x_FWLib/src/stm32f10x_rtc.o
RTC_ExitConfigMode                                ./STM32F10x_FWLib/src/stm32f10x_rtc.o
RTC_GetCounter                                    ./STM32F10x_FWLib/src/stm32f10x_rtc.o
RTC_GetDivider                                    ./STM32F10x_FWLib/src/stm32f10x_rtc.o
RTC_GetFlagStatus                                 ./STM32F10x_FWLib/src/stm32f10x_rtc.o
RTC_GetITStatus                                   ./STM32F10x_FWLib/src/stm32f10x_rtc.o
RTC_ITConfig                                      ./STM32F10x_FWLib/src/stm32f10x_rtc.o
RTC_SetAlarm                                      ./STM32F10x_FWLib/src/stm32f10x_rtc.o
RTC_SetCounter                                    ./STM32F10x_FWLib/src/stm32f10x_rtc.o
RTC_SetPrescaler                                  ./STM32F10x_FWLib/src/stm32f10x_rtc.o
RTC_WaitForLastTask                               ./STM32F10x_FWLib/src/stm32f10x_rtc.o
RTC_WaitForSynchro                                ./STM32F10x_FWLib/src/stm32f10x_rtc.o
SDIO_CEATAITCmd                                   ./STM32F10x_FWLib/src/stm32f10x_sdio.o
SDIO_ClearFlag                                    ./STM32F10x_FWLib/src/stm32f10x_sdio.o
SDIO_ClearITPendingBit                            ./STM32F10x_FWLib/src/stm32f10x_sdio.o
SDIO_ClockCmd                                     ./STM32F10x_FWLib/src/stm32f10x_sdio.o
SDIO_CmdStructInit                                ./STM32F10x_FWLib/src/stm32f10x_sdio.o
SDIO_CommandCompletionCmd                         ./STM32F10x_FWLib/src/stm32f10x_sdio.o
SDIO_DMACmd                                       ./STM32F10x_FWLib/src/stm32f10x_sdio.o
SDIO_DataConfig                                   ./STM32F10x_FWLib/src/stm32f10x_sdio.o
SDIO_DataStructInit                               ./STM32F10x_FWLib/src/stm32f10x_sdio.o
SDIO_DeInit                                       ./STM32F10x_FWLib/src/stm32f10x_sdio.o
SDIO_GetCommandResponse                           ./STM32F10x_FWLib/src/stm32f10x_sdio.o
SDIO_GetDataCounter                               ./STM32F10x_FWLib/src/stm32f10x_sdio.o
SDIO_GetFIFOCount                                 ./STM32F10x_FWLib/src/stm32f10x_sdio.o
SDIO_GetFlagStatus                                ./STM32F10x_FWLib/src/stm32f10x_sdio.o
SDIO_GetITStatus                                  ./STM32F10x_FWLib/src/stm32f10x_sdio.o
SDIO_GetPowerState                                ./STM32F10x_FWLib/src/stm32f10x_sdio.o
SDIO_GetResponse                                  ./STM32F10x_FWLib/src/stm32f10x_sdio.o
SDIO_ITConfig                                     ./STM32F10x_FWLib/src/stm32f10x_sdio.o
SDIO_Init                                         ./STM32F10x_FWLib/src/stm32f10x_sdio.o
SDIO_ReadData                                     ./STM32F10x_FWLib/src/stm32f10x_sdio.o
SDIO_SendCEATACmd                                 ./STM32F10x_FWLib/src/stm32f10x_sdio.o
SDIO_SendCommand                                  ./STM32F10x_FWLib/src/stm32f10x_sdio.o
SDIO_SendSDIOSuspendCmd                           ./STM32F10x_FWLib/src/stm32f10x_sdio.o
SDIO_SetPowerState                                ./STM32F10x_FWLib/src/stm32f10x_sdio.o
SDIO_SetSDIOOperation                             ./STM32F10x_FWLib/src/stm32f10x_sdio.o
SDIO_SetSDIOReadWaitMode                          ./STM32F10x_FWLib/src/stm32f10x_sdio.o
SDIO_StartSDIOReadWait                            ./STM32F10x_FWLib/src/stm32f10x_sdio.o
SDIO_StopSDIOReadWait                             ./STM32F10x_FWLib/src/stm32f10x_sdio.o
SDIO_StructInit                                   ./STM32F10x_FWLib/src/stm32f10x_sdio.o
SDIO_WriteData                                    ./STM32F10x_FWLib/src/stm32f10x_sdio.o
SPI_BiDirectionalLineConfig                       ./STM32F10x_FWLib/src/stm32f10x_spi.o
SPI_CalculateCRC                                  ./STM32F10x_FWLib/src/stm32f10x_spi.o
SPI_Cmd                                           ./STM32F10x_FWLib/src/stm32f10x_spi.o
SPI_DataSizeConfig                                ./STM32F10x_FWLib/src/stm32f10x_spi.o
SPI_GetCRC                                        ./STM32F10x_FWLib/src/stm32f10x_spi.o
SPI_GetCRCPolynomial                              ./STM32F10x_FWLib/src/stm32f10x_spi.o
SPI_I2S_ClearFlag                                 ./STM32F10x_FWLib/src/stm32f10x_spi.o
SPI_I2S_ClearITPendingBit                         ./STM32F10x_FWLib/src/stm32f10x_spi.o
SPI_I2S_DMACmd                                    ./STM32F10x_FWLib/src/stm32f10x_spi.o
SPI_I2S_DeInit                                    ./STM32F10x_FWLib/src/stm32f10x_spi.o
SPI_I2S_GetFlagStatus                             ./STM32F10x_FWLib/src/stm32f10x_spi.o
SPI_I2S_GetITStatus                               ./STM32F10x_FWLib/src/stm32f10x_spi.o
SPI_I2S_ITConfig                                  ./STM32F10x_FWLib/src/stm32f10x_spi.o
SPI_I2S_ReceiveData                               ./STM32F10x_FWLib/src/stm32f10x_spi.o
SPI_I2S_SendData                                  ./STM32F10x_FWLib/src/stm32f10x_spi.o
SPI_Init                                          ./STM32F10x_FWLib/src/stm32f10x_spi.o
SPI_NSSInternalSoftwareConfig                     ./STM32F10x_FWLib/src/stm32f10x_spi.o
SPI_SSOutputCmd                                   ./STM32F10x_FWLib/src/stm32f10x_spi.o
SPI_StructInit                                    ./STM32F10x_FWLib/src/stm32f10x_spi.o
SPI_TransmitCRC                                   ./STM32F10x_FWLib/src/stm32f10x_spi.o
SVC_Handler                                       ./USER/stm32f10x_it.o
SysTick_CLKSourceConfig                           ./STM32F10x_FWLib/src/misc.o
                                                  ./SYSTEM/delay/delay.o
SysTick_Handler                                   ./USER/stm32f10x_it.o
SystemCoreClock                                   ./USER/system_stm32f10x.o
                                                  ./SYSTEM/delay/delay.o
SystemCoreClockUpdate                             ./USER/system_stm32f10x.o
SystemInit                                        ./USER/system_stm32f10x.o
TIM_ARRPreloadConfig                              ./STM32F10x_FWLib/src/stm32f10x_tim.o
TIM_BDTRConfig                                    ./STM32F10x_FWLib/src/stm32f10x_tim.o
TIM_BDTRStructInit                                ./STM32F10x_FWLib/src/stm32f10x_tim.o
TIM_CCPreloadControl                              ./STM32F10x_FWLib/src/stm32f10x_tim.o
TIM_CCxCmd                                        ./STM32F10x_FWLib/src/stm32f10x_tim.o
TIM_CCxNCmd                                       ./STM32F10x_FWLib/src/stm32f10x_tim.o
TIM_ClearFlag                                     ./STM32F10x_FWLib/src/stm32f10x_tim.o
TIM_ClearITPendingBit                             ./STM32F10x_FWLib/src/stm32f10x_tim.o
TIM_ClearOC1Ref                                   ./STM32F10x_FWLib/src/stm32f10x_tim.o
TIM_ClearOC2Ref                                   ./STM32F10x_FWLib/src/stm32f10x_tim.o
TIM_ClearOC3Ref                                   ./STM32F10x_FWLib/src/stm32f10x_tim.o
TIM_ClearOC4Ref                                   ./STM32F10x_FWLib/src/stm32f10x_tim.o
TIM_Cmd                                           ./STM32F10x_FWLib/src/stm32f10x_tim.o
TIM_CounterModeConfig                             ./STM32F10x_FWLib/src/stm32f10x_tim.o
TIM_CtrlPWMOutputs                                ./STM32F10x_FWLib/src/stm32f10x_tim.o
TIM_DMACmd                                        ./STM32F10x_FWLib/src/stm32f10x_tim.o
TIM_DMAConfig                                     ./STM32F10x_FWLib/src/stm32f10x_tim.o
TIM_DeInit                                        ./STM32F10x_FWLib/src/stm32f10x_tim.o
TIM_ETRClockMode1Config                           ./STM32F10x_FWLib/src/stm32f10x_tim.o
TIM_ETRClockMode2Config                           ./STM32F10x_FWLib/src/stm32f10x_tim.o
TIM_ETRConfig                                     ./STM32F10x_FWLib/src/stm32f10x_tim.o
TIM_EncoderInterfaceConfig                        ./STM32F10x_FWLib/src/stm32f10x_tim.o
TIM_ForcedOC1Config                               ./STM32F10x_FWLib/src/stm32f10x_tim.o
TIM_ForcedOC2Config                               ./STM32F10x_FWLib/src/stm32f10x_tim.o
TIM_ForcedOC3Config                               ./STM32F10x_FWLib/src/stm32f10x_tim.o
TIM_ForcedOC4Config                               ./STM32F10x_FWLib/src/stm32f10x_tim.o
TIM_GenerateEvent                                 ./STM32F10x_FWLib/src/stm32f10x_tim.o
TIM_GetCapture1                                   ./STM32F10x_FWLib/src/stm32f10x_tim.o
TIM_GetCapture2                                   ./STM32F10x_FWLib/src/stm32f10x_tim.o
TIM_GetCapture3                                   ./STM32F10x_FWLib/src/stm32f10x_tim.o
TIM_GetCapture4                                   ./STM32F10x_FWLib/src/stm32f10x_tim.o
TIM_GetCounter                                    ./STM32F10x_FWLib/src/stm32f10x_tim.o
TIM_GetFlagStatus                                 ./STM32F10x_FWLib/src/stm32f10x_tim.o
TIM_GetITStatus                                   ./STM32F10x_FWLib/src/stm32f10x_tim.o
TIM_GetPrescaler                                  ./STM32F10x_FWLib/src/stm32f10x_tim.o
TIM_ICInit                                        ./STM32F10x_FWLib/src/stm32f10x_tim.o
TIM_ICStructInit                                  ./STM32F10x_FWLib/src/stm32f10x_tim.o
TIM_ITConfig                                      ./STM32F10x_FWLib/src/stm32f10x_tim.o
TIM_ITRxExternalClockConfig                       ./STM32F10x_FWLib/src/stm32f10x_tim.o
TIM_InternalClockConfig                           ./STM32F10x_FWLib/src/stm32f10x_tim.o
TIM_OC1FastConfig                                 ./STM32F10x_FWLib/src/stm32f10x_tim.o
TIM_OC1Init                                       ./STM32F10x_FWLib/src/stm32f10x_tim.o
TIM_OC1NPolarityConfig                            ./STM32F10x_FWLib/src/stm32f10x_tim.o
TIM_OC1PolarityConfig                             ./STM32F10x_FWLib/src/stm32f10x_tim.o
TIM_OC1PreloadConfig                              ./STM32F10x_FWLib/src/stm32f10x_tim.o
TIM_OC2FastConfig                                 ./STM32F10x_FWLib/src/stm32f10x_tim.o
TIM_OC2Init                                       ./STM32F10x_FWLib/src/stm32f10x_tim.o
TIM_OC2NPolarityConfig                            ./STM32F10x_FWLib/src/stm32f10x_tim.o
TIM_OC2PolarityConfig                             ./STM32F10x_FWLib/src/stm32f10x_tim.o
TIM_OC2PreloadConfig                              ./STM32F10x_FWLib/src/stm32f10x_tim.o
TIM_OC3FastConfig                                 ./STM32F10x_FWLib/src/stm32f10x_tim.o
TIM_OC3Init                                       ./STM32F10x_FWLib/src/stm32f10x_tim.o
TIM_OC3NPolarityConfig                            ./STM32F10x_FWLib/src/stm32f10x_tim.o
TIM_OC3PolarityConfig                             ./STM32F10x_FWLib/src/stm32f10x_tim.o
TIM_OC3PreloadConfig                              ./STM32F10x_FWLib/src/stm32f10x_tim.o
TIM_OC4FastConfig                                 ./STM32F10x_FWLib/src/stm32f10x_tim.o
TIM_OC4Init                                       ./STM32F10x_FWLib/src/stm32f10x_tim.o
TIM_OC4PolarityConfig                             ./STM32F10x_FWLib/src/stm32f10x_tim.o
TIM_OC4PreloadConfig                              ./STM32F10x_FWLib/src/stm32f10x_tim.o
TIM_OCStructInit                                  ./STM32F10x_FWLib/src/stm32f10x_tim.o
TIM_PWMIConfig                                    ./STM32F10x_FWLib/src/stm32f10x_tim.o
TIM_PrescalerConfig                               ./STM32F10x_FWLib/src/stm32f10x_tim.o
TIM_SelectCCDMA                                   ./STM32F10x_FWLib/src/stm32f10x_tim.o
TIM_SelectCOM                                     ./STM32F10x_FWLib/src/stm32f10x_tim.o
TIM_SelectHallSensor                              ./STM32F10x_FWLib/src/stm32f10x_tim.o
TIM_SelectInputTrigger                            ./STM32F10x_FWLib/src/stm32f10x_tim.o
TIM_SelectMasterSlaveMode                         ./STM32F10x_FWLib/src/stm32f10x_tim.o
TIM_SelectOCxM                                    ./STM32F10x_FWLib/src/stm32f10x_tim.o
TIM_SelectOnePulseMode                            ./STM32F10x_FWLib/src/stm32f10x_tim.o
TIM_SelectOutputTrigger                           ./STM32F10x_FWLib/src/stm32f10x_tim.o
TIM_SelectSlaveMode                               ./STM32F10x_FWLib/src/stm32f10x_tim.o
TIM_SetAutoreload                                 ./STM32F10x_FWLib/src/stm32f10x_tim.o
TIM_SetClockDivision                              ./STM32F10x_FWLib/src/stm32f10x_tim.o
TIM_SetCompare1                                   ./STM32F10x_FWLib/src/stm32f10x_tim.o
TIM_SetCompare2                                   ./STM32F10x_FWLib/src/stm32f10x_tim.o
TIM_SetCompare3                                   ./STM32F10x_FWLib/src/stm32f10x_tim.o
TIM_SetCompare4                                   ./STM32F10x_FWLib/src/stm32f10x_tim.o
TIM_SetCounter                                    ./STM32F10x_FWLib/src/stm32f10x_tim.o
TIM_SetIC1Prescaler                               ./STM32F10x_FWLib/src/stm32f10x_tim.o
TIM_SetIC2Prescaler                               ./STM32F10x_FWLib/src/stm32f10x_tim.o
TIM_SetIC3Prescaler                               ./STM32F10x_FWLib/src/stm32f10x_tim.o
TIM_SetIC4Prescaler                               ./STM32F10x_FWLib/src/stm32f10x_tim.o
TIM_TIxExternalClockConfig                        ./STM32F10x_FWLib/src/stm32f10x_tim.o
TIM_TimeBaseInit                                  ./STM32F10x_FWLib/src/stm32f10x_tim.o
TIM_TimeBaseStructInit                            ./STM32F10x_FWLib/src/stm32f10x_tim.o
TIM_UpdateDisableConfig                           ./STM32F10x_FWLib/src/stm32f10x_tim.o
TIM_UpdateRequestConfig                           ./STM32F10x_FWLib/src/stm32f10x_tim.o
USART1_IRQHandler                                 ./SYSTEM/usart/usart.o
USART_ClearFlag                                   ./STM32F10x_FWLib/src/stm32f10x_usart.o
USART_ClearITPendingBit                           ./STM32F10x_FWLib/src/stm32f10x_usart.o
USART_ClockInit                                   ./STM32F10x_FWLib/src/stm32f10x_usart.o
USART_ClockStructInit                             ./STM32F10x_FWLib/src/stm32f10x_usart.o
USART_Cmd                                         ./STM32F10x_FWLib/src/stm32f10x_usart.o
                                                  ./SYSTEM/usart/usart.o
USART_DMACmd                                      ./STM32F10x_FWLib/src/stm32f10x_usart.o
USART_DeInit                                      ./STM32F10x_FWLib/src/stm32f10x_usart.o
USART_GetFlagStatus                               ./STM32F10x_FWLib/src/stm32f10x_usart.o
USART_GetITStatus                                 ./STM32F10x_FWLib/src/stm32f10x_usart.o
                                                  ./SYSTEM/usart/usart.o
USART_HalfDuplexCmd                               ./STM32F10x_FWLib/src/stm32f10x_usart.o
USART_ITConfig                                    ./STM32F10x_FWLib/src/stm32f10x_usart.o
                                                  ./SYSTEM/usart/usart.o
USART_Init                                        ./STM32F10x_FWLib/src/stm32f10x_usart.o
                                                  ./SYSTEM/usart/usart.o
USART_IrDACmd                                     ./STM32F10x_FWLib/src/stm32f10x_usart.o
USART_IrDAConfig                                  ./STM32F10x_FWLib/src/stm32f10x_usart.o
USART_LINBreakDetectLengthConfig                  ./STM32F10x_FWLib/src/stm32f10x_usart.o
USART_LINCmd                                      ./STM32F10x_FWLib/src/stm32f10x_usart.o
USART_OneBitMethodCmd                             ./STM32F10x_FWLib/src/stm32f10x_usart.o
USART_OverSampling8Cmd                            ./STM32F10x_FWLib/src/stm32f10x_usart.o
USART_RX_BUF                                      ./SYSTEM/usart/usart.o
USART_RX_STA                                      ./SYSTEM/usart/usart.o
USART_ReceiveData                                 ./STM32F10x_FWLib/src/stm32f10x_usart.o
                                                  ./SYSTEM/usart/usart.o
USART_ReceiverWakeUpCmd                           ./STM32F10x_FWLib/src/stm32f10x_usart.o
USART_SendBreak                                   ./STM32F10x_FWLib/src/stm32f10x_usart.o
USART_SendData                                    ./STM32F10x_FWLib/src/stm32f10x_usart.o
USART_SetAddress                                  ./STM32F10x_FWLib/src/stm32f10x_usart.o
USART_SetGuardTime                                ./STM32F10x_FWLib/src/stm32f10x_usart.o
USART_SetPrescaler                                ./STM32F10x_FWLib/src/stm32f10x_usart.o
USART_SmartCardCmd                                ./STM32F10x_FWLib/src/stm32f10x_usart.o
USART_SmartCardNACKCmd                            ./STM32F10x_FWLib/src/stm32f10x_usart.o
USART_StructInit                                  ./STM32F10x_FWLib/src/stm32f10x_usart.o
USART_WakeUpConfig                                ./STM32F10x_FWLib/src/stm32f10x_usart.o
UsageFault_Handler                                ./USER/stm32f10x_it.o
WFI_SET                                           ./SYSTEM/sys/sys.o
WWDG_ClearFlag                                    ./STM32F10x_FWLib/src/stm32f10x_wwdg.o
WWDG_DeInit                                       ./STM32F10x_FWLib/src/stm32f10x_wwdg.o
WWDG_Enable                                       ./STM32F10x_FWLib/src/stm32f10x_wwdg.o
WWDG_EnableIT                                     ./STM32F10x_FWLib/src/stm32f10x_wwdg.o
WWDG_GetFlagStatus                                ./STM32F10x_FWLib/src/stm32f10x_wwdg.o
WWDG_SetCounter                                   ./STM32F10x_FWLib/src/stm32f10x_wwdg.o
WWDG_SetPrescaler                                 ./STM32F10x_FWLib/src/stm32f10x_wwdg.o
WWDG_SetWindowValue                               ./STM32F10x_FWLib/src/stm32f10x_wwdg.o
_Jv_RegisterClasses                               /usr/bin/gcc-arm-none-eabi-5_4-2016q3/bin/../lib/gcc/arm-none-eabi/5.4.1/armv7-m/crtbegin.o
__LDREXB                                          ./CORE/core_cm3.o
__LDREXH                                          ./CORE/core_cm3.o
__LDREXW                                          ./CORE/core_cm3.o
__RBIT                                            ./CORE/core_cm3.o
__REV                                             ./CORE/core_cm3.o
__REV16                                           ./CORE/core_cm3.o
__REVSH                                           ./CORE/core_cm3.o
__STREXB                                          ./CORE/core_cm3.o
__STREXH                                          ./CORE/core_cm3.o
__STREXW                                          ./CORE/core_cm3.o
__bss_end__                                       /usr/bin/gcc-arm-none-eabi-5_4-2016q3/bin/../lib/gcc/arm-none-eabi/5.4.1/../../../../arm-none-eabi/lib/armv7-m/crt0.o
__bss_start__                                     /usr/bin/gcc-arm-none-eabi-5_4-2016q3/bin/../lib/gcc/arm-none-eabi/5.4.1/../../../../arm-none-eabi/lib/armv7-m/crt0.o
__call_exitprocs                                  /usr/bin/gcc-arm-none-eabi-5_4-2016q3/bin/../lib/gcc/arm-none-eabi/5.4.1/../../../../arm-none-eabi/lib/armv7-m/libc_nano.a(lib_a-exit.o)
__deregister_frame_info                           /usr/bin/gcc-arm-none-eabi-5_4-2016q3/bin/../lib/gcc/arm-none-eabi/5.4.1/armv7-m/crtbegin.o
__dso_handle                                      /usr/bin/gcc-arm-none-eabi-5_4-2016q3/bin/../lib/gcc/arm-none-eabi/5.4.1/armv7-m/crtbegin.o
__get_BASEPRI                                     ./CORE/core_cm3.o
__get_CONTROL                                     ./CORE/core_cm3.o
__get_FAULTMASK                                   ./CORE/core_cm3.o
__get_MSP                                         ./CORE/core_cm3.o
__get_PRIMASK                                     ./CORE/core_cm3.o
__get_PSP                                         ./CORE/core_cm3.o
__init_array_end                                  /usr/bin/gcc-arm-none-eabi-5_4-2016q3/bin/../lib/gcc/arm-none-eabi/5.4.1/../../../../arm-none-eabi/lib/armv7-m/libc_nano.a(lib_a-init.o)
__init_array_start                                /usr/bin/gcc-arm-none-eabi-5_4-2016q3/bin/../lib/gcc/arm-none-eabi/5.4.1/../../../../arm-none-eabi/lib/armv7-m/libc_nano.a(lib_a-init.o)
__libc_fini_array                                 /usr/bin/gcc-arm-none-eabi-5_4-2016q3/bin/../lib/gcc/arm-none-eabi/5.4.1/../../../../arm-none-eabi/lib/armv7-m/crt0.o
__libc_init_array                                 /usr/bin/gcc-arm-none-eabi-5_4-2016q3/bin/../lib/gcc/arm-none-eabi/5.4.1/../../../../arm-none-eabi/lib/armv7-m/libc_nano.a(lib_a-init.o)
                                                  /usr/bin/gcc-arm-none-eabi-5_4-2016q3/bin/../lib/gcc/arm-none-eabi/5.4.1/../../../../arm-none-eabi/lib/armv7-m/crt0.o
__preinit_array_end                               /usr/bin/gcc-arm-none-eabi-5_4-2016q3/bin/../lib/gcc/arm-none-eabi/5.4.1/../../../../arm-none-eabi/lib/armv7-m/libc_nano.a(lib_a-init.o)
__preinit_array_start                             /usr/bin/gcc-arm-none-eabi-5_4-2016q3/bin/../lib/gcc/arm-none-eabi/5.4.1/../../../../arm-none-eabi/lib/armv7-m/libc_nano.a(lib_a-init.o)
__register_frame_info                             /usr/bin/gcc-arm-none-eabi-5_4-2016q3/bin/../lib/gcc/arm-none-eabi/5.4.1/armv7-m/crtbegin.o
__set_BASEPRI                                     ./CORE/core_cm3.o
__set_CONTROL                                     ./CORE/core_cm3.o
__set_FAULTMASK                                   ./CORE/core_cm3.o
__set_MSP                                         ./CORE/core_cm3.o
__set_PRIMASK                                     ./CORE/core_cm3.o
__set_PSP                                         ./CORE/core_cm3.o
__sf_fake_stderr                                  /usr/bin/gcc-arm-none-eabi-5_4-2016q3/bin/../lib/gcc/arm-none-eabi/5.4.1/../../../../arm-none-eabi/lib/armv7-m/libc_nano.a(lib_a-impure.o)
__sf_fake_stdin                                   /usr/bin/gcc-arm-none-eabi-5_4-2016q3/bin/../lib/gcc/arm-none-eabi/5.4.1/../../../../arm-none-eabi/lib/armv7-m/libc_nano.a(lib_a-impure.o)
__sf_fake_stdout                                  /usr/bin/gcc-arm-none-eabi-5_4-2016q3/bin/../lib/gcc/arm-none-eabi/5.4.1/../../../../arm-none-eabi/lib/armv7-m/libc_nano.a(lib_a-impure.o)
__stack                                           /usr/bin/gcc-arm-none-eabi-5_4-2016q3/bin/../lib/gcc/arm-none-eabi/5.4.1/../../../../arm-none-eabi/lib/armv7-m/crt0.o
__stdout                                          ./SYSTEM/usart/usart.o
_exit                                             /usr/bin/gcc-arm-none-eabi-5_4-2016q3/bin/../lib/gcc/arm-none-eabi/5.4.1/../../../../arm-none-eabi/lib/armv7-m/libnosys.a(_exit.o)
                                                  /usr/bin/gcc-arm-none-eabi-5_4-2016q3/bin/../lib/gcc/arm-none-eabi/5.4.1/../../../../arm-none-eabi/lib/armv7-m/libc_nano.a(lib_a-exit.o)
_fini                                             /usr/bin/gcc-arm-none-eabi-5_4-2016q3/bin/../lib/gcc/arm-none-eabi/5.4.1/armv7-m/crti.o
_global_impure_ptr                                /usr/bin/gcc-arm-none-eabi-5_4-2016q3/bin/../lib/gcc/arm-none-eabi/5.4.1/../../../../arm-none-eabi/lib/armv7-m/libc_nano.a(lib_a-impure.o)
                                                  /usr/bin/gcc-arm-none-eabi-5_4-2016q3/bin/../lib/gcc/arm-none-eabi/5.4.1/../../../../arm-none-eabi/lib/armv7-m/libc_nano.a(lib_a-exit.o)
_impure_ptr                                       /usr/bin/gcc-arm-none-eabi-5_4-2016q3/bin/../lib/gcc/arm-none-eabi/5.4.1/../../../../arm-none-eabi/lib/armv7-m/libc_nano.a(lib_a-impure.o)
_init                                             /usr/bin/gcc-arm-none-eabi-5_4-2016q3/bin/../lib/gcc/arm-none-eabi/5.4.1/armv7-m/crti.o
                                                  /usr/bin/gcc-arm-none-eabi-5_4-2016q3/bin/../lib/gcc/arm-none-eabi/5.4.1/../../../../arm-none-eabi/lib/armv7-m/libc_nano.a(lib_a-init.o)
_mainCRTStartup                                   /usr/bin/gcc-arm-none-eabi-5_4-2016q3/bin/../lib/gcc/arm-none-eabi/5.4.1/../../../../arm-none-eabi/lib/armv7-m/crt0.o
_start                                            /usr/bin/gcc-arm-none-eabi-5_4-2016q3/bin/../lib/gcc/arm-none-eabi/5.4.1/../../../../arm-none-eabi/lib/armv7-m/crt0.o
_sys_exit                                         ./SYSTEM/usart/usart.o
atexit                                            /usr/bin/gcc-arm-none-eabi-5_4-2016q3/bin/../lib/gcc/arm-none-eabi/5.4.1/../../../../arm-none-eabi/lib/armv7-m/crt0.o
delay_init                                        ./SYSTEM/delay/delay.o
                                                  ./USER/main.o
delay_ms                                          ./SYSTEM/delay/delay.o
                                                  ./USER/main.o
delay_us                                          ./SYSTEM/delay/delay.o
exit                                              /usr/bin/gcc-arm-none-eabi-5_4-2016q3/bin/../lib/gcc/arm-none-eabi/5.4.1/../../../../arm-none-eabi/lib/armv7-m/libc_nano.a(lib_a-exit.o)
                                                  /usr/bin/gcc-arm-none-eabi-5_4-2016q3/bin/../lib/gcc/arm-none-eabi/5.4.1/../../../../arm-none-eabi/lib/armv7-m/crt0.o
fputc                                             ./SYSTEM/usart/usart.o
hardware_init_hook                                /usr/bin/gcc-arm-none-eabi-5_4-2016q3/bin/../lib/gcc/arm-none-eabi/5.4.1/../../../../arm-none-eabi/lib/armv7-m/crt0.o
main                                              ./USER/main.o
                                                  /usr/bin/gcc-arm-none-eabi-5_4-2016q3/bin/../lib/gcc/arm-none-eabi/5.4.1/../../../../arm-none-eabi/lib/armv7-m/crt0.o
memset                                            /usr/bin/gcc-arm-none-eabi-5_4-2016q3/bin/../lib/gcc/arm-none-eabi/5.4.1/../../../../arm-none-eabi/lib/armv7-m/libc_nano.a(lib_a-memset.o)
                                                  /usr/bin/gcc-arm-none-eabi-5_4-2016q3/bin/../lib/gcc/arm-none-eabi/5.4.1/../../../../arm-none-eabi/lib/armv7-m/crt0.o
software_init_hook                                /usr/bin/gcc-arm-none-eabi-5_4-2016q3/bin/../lib/gcc/arm-none-eabi/5.4.1/../../../../arm-none-eabi/lib/armv7-m/crt0.o
uart_init                                         ./SYSTEM/usart/usart.o
